Archive member included to satisfy reference by file (symbol)

C:/ST/STM32CubeIDE_1.13.1/STM32CubeIDE/plugins/com.st.stm32cube.ide.mcu.externaltools.gnu-tools-for-stm32.11.3.rel1.win32_1.1.0.202305231506/tools/bin/../lib/gcc/arm-none-eabi/11.3.1/../../../../arm-none-eabi/lib/thumb/v7e-m+dp/hard\libc_nano.a(libc_a-assert.o)
                              ./Core/Src/mongoose.o (__assert_func)
C:/ST/STM32CubeIDE_1.13.1/STM32CubeIDE/plugins/com.st.stm32cube.ide.mcu.externaltools.gnu-tools-for-stm32.11.3.rel1.win32_1.1.0.202305231506/tools/bin/../lib/gcc/arm-none-eabi/11.3.1/../../../../arm-none-eabi/lib/thumb/v7e-m+dp/hard\libc_nano.a(libc_a-atoi.o)
                              ./Core/Src/mongoose.o (atoi)
C:/ST/STM32CubeIDE_1.13.1/STM32CubeIDE/plugins/com.st.stm32cube.ide.mcu.externaltools.gnu-tools-for-stm32.11.3.rel1.win32_1.1.0.202305231506/tools/bin/../lib/gcc/arm-none-eabi/11.3.1/../../../../arm-none-eabi/lib/thumb/v7e-m+dp/hard\libc_nano.a(libc_a-calloc.o)
                              ./Core/Src/mongoose.o (calloc)
C:/ST/STM32CubeIDE_1.13.1/STM32CubeIDE/plugins/com.st.stm32cube.ide.mcu.externaltools.gnu-tools-for-stm32.11.3.rel1.win32_1.1.0.202305231506/tools/bin/../lib/gcc/arm-none-eabi/11.3.1/../../../../arm-none-eabi/lib/thumb/v7e-m+dp/hard\libc_nano.a(libc_a-callocr.o)
                              C:/ST/STM32CubeIDE_1.13.1/STM32CubeIDE/plugins/com.st.stm32cube.ide.mcu.externaltools.gnu-tools-for-stm32.11.3.rel1.win32_1.1.0.202305231506/tools/bin/../lib/gcc/arm-none-eabi/11.3.1/../../../../arm-none-eabi/lib/thumb/v7e-m+dp/hard\libc_nano.a(libc_a-calloc.o) (_calloc_r)
C:/ST/STM32CubeIDE_1.13.1/STM32CubeIDE/plugins/com.st.stm32cube.ide.mcu.externaltools.gnu-tools-for-stm32.11.3.rel1.win32_1.1.0.202305231506/tools/bin/../lib/gcc/arm-none-eabi/11.3.1/../../../../arm-none-eabi/lib/thumb/v7e-m+dp/hard\libc_nano.a(libc_a-exit.o)
                              C:/ST/STM32CubeIDE_1.13.1/STM32CubeIDE/plugins/com.st.stm32cube.ide.mcu.externaltools.gnu-tools-for-stm32.11.3.rel1.win32_1.1.0.202305231506/tools/bin/../lib/gcc/arm-none-eabi/11.3.1/../../../../arm-none-eabi/lib/thumb/v7e-m+dp/hard/crt0.o (exit)
C:/ST/STM32CubeIDE_1.13.1/STM32CubeIDE/plugins/com.st.stm32cube.ide.mcu.externaltools.gnu-tools-for-stm32.11.3.rel1.win32_1.1.0.202305231506/tools/bin/../lib/gcc/arm-none-eabi/11.3.1/../../../../arm-none-eabi/lib/thumb/v7e-m+dp/hard\libc_nano.a(libc_a-malloc.o)
                              ./Core/Src/mongoose.o (free)
C:/ST/STM32CubeIDE_1.13.1/STM32CubeIDE/plugins/com.st.stm32cube.ide.mcu.externaltools.gnu-tools-for-stm32.11.3.rel1.win32_1.1.0.202305231506/tools/bin/../lib/gcc/arm-none-eabi/11.3.1/../../../../arm-none-eabi/lib/thumb/v7e-m+dp/hard\libc_nano.a(libc_a-mallocr.o)
                              C:/ST/STM32CubeIDE_1.13.1/STM32CubeIDE/plugins/com.st.stm32cube.ide.mcu.externaltools.gnu-tools-for-stm32.11.3.rel1.win32_1.1.0.202305231506/tools/bin/../lib/gcc/arm-none-eabi/11.3.1/../../../../arm-none-eabi/lib/thumb/v7e-m+dp/hard\libc_nano.a(libc_a-callocr.o) (_malloc_r)
C:/ST/STM32CubeIDE_1.13.1/STM32CubeIDE/plugins/com.st.stm32cube.ide.mcu.externaltools.gnu-tools-for-stm32.11.3.rel1.win32_1.1.0.202305231506/tools/bin/../lib/gcc/arm-none-eabi/11.3.1/../../../../arm-none-eabi/lib/thumb/v7e-m+dp/hard\libc_nano.a(libc_a-mlock.o)
                              C:/ST/STM32CubeIDE_1.13.1/STM32CubeIDE/plugins/com.st.stm32cube.ide.mcu.externaltools.gnu-tools-for-stm32.11.3.rel1.win32_1.1.0.202305231506/tools/bin/../lib/gcc/arm-none-eabi/11.3.1/../../../../arm-none-eabi/lib/thumb/v7e-m+dp/hard\libc_nano.a(libc_a-mallocr.o) (__malloc_lock)
C:/ST/STM32CubeIDE_1.13.1/STM32CubeIDE/plugins/com.st.stm32cube.ide.mcu.externaltools.gnu-tools-for-stm32.11.3.rel1.win32_1.1.0.202305231506/tools/bin/../lib/gcc/arm-none-eabi/11.3.1/../../../../arm-none-eabi/lib/thumb/v7e-m+dp/hard\libc_nano.a(libc_a-rand.o)
                              ./Core/Src/mongoose.o (srand)
C:/ST/STM32CubeIDE_1.13.1/STM32CubeIDE/plugins/com.st.stm32cube.ide.mcu.externaltools.gnu-tools-for-stm32.11.3.rel1.win32_1.1.0.202305231506/tools/bin/../lib/gcc/arm-none-eabi/11.3.1/../../../../arm-none-eabi/lib/thumb/v7e-m+dp/hard\libc_nano.a(libc_a-strtol.o)
                              C:/ST/STM32CubeIDE_1.13.1/STM32CubeIDE/plugins/com.st.stm32cube.ide.mcu.externaltools.gnu-tools-for-stm32.11.3.rel1.win32_1.1.0.202305231506/tools/bin/../lib/gcc/arm-none-eabi/11.3.1/../../../../arm-none-eabi/lib/thumb/v7e-m+dp/hard\libc_nano.a(libc_a-atoi.o) (_strtol_r)
C:/ST/STM32CubeIDE_1.13.1/STM32CubeIDE/plugins/com.st.stm32cube.ide.mcu.externaltools.gnu-tools-for-stm32.11.3.rel1.win32_1.1.0.202305231506/tools/bin/../lib/gcc/arm-none-eabi/11.3.1/../../../../arm-none-eabi/lib/thumb/v7e-m+dp/hard\libc_nano.a(libc_a-ctype_.o)
[...]
Memory Configuration

Name             Origin             Length             Attributes
ITCMRAM          0x0000000000000000 0x0000000000010000 xrw
DTCMRAM          0x0000000020000000 0x0000000000020000 xrw
FLASH            0x0000000008000000 0x0000000000100000 xr
RAM_D1           0x0000000024000000 0x0000000000050000 xrw
RAM_D2           0x0000000030000000 0x0000000000008000 xrw
RAM_D3           0x0000000038000000 0x0000000000004000 xrw
*default*        0x0000000000000000 0xffffffffffffffff

Linker script and memory map

LOAD C:/ST/STM32CubeIDE_1.13.1/STM32CubeIDE/plugins/com.st.stm32cube.ide.mcu.externaltools.gnu-tools-for-stm32.11.3.rel1.win32_1.1.0.202305231506/tools/bin/../lib/gcc/arm-none-eabi/11.3.1/thumb/v7e-m+dp/hard/crti.o
LOAD C:/ST/STM32CubeIDE_1.13.1/STM32CubeIDE/plugins/com.st.stm32cube.ide.mcu.externaltools.gnu-tools-for-stm32.11.3.rel1.win32_1.1.0.202305231506/tools/bin/../lib/gcc/arm-none-eabi/11.3.1/thumb/v7e-m+dp/hard/crtbegin.o
LOAD C:/ST/STM32CubeIDE_1.13.1/STM32CubeIDE/plugins/com.st.stm32cube.ide.mcu.externaltools.gnu-tools-for-stm32.11.3.rel1.win32_1.1.0.202305231506/tools/bin/../lib/gcc/arm-none-eabi/11.3.1/../../../../arm-none-eabi/lib/thumb/v7e-m+dp/hard/crt0.o
LOAD ./Core/Src/main.o
LOAD ./Core/Src/mongoose.o
LOAD ./Core/Src/net.o
LOAD ./Core/Src/packed_fs.o
LOAD ./Core/Src/stm32h7xx_hal_msp.o
LOAD ./Core/Src/stm32h7xx_it.o
LOAD ./Core/Src/syscalls.o
LOAD ./Core/Src/sysmem.o
LOAD ./Core/Src/system_stm32h7xx.o
LOAD ./Core/Startup/startup_stm32h723zgtx.o
LOAD ./Drivers/STM32H7xx_HAL_Driver/Src/stm32h7xx_hal.o
LOAD ./Drivers/STM32H7xx_HAL_Driver/Src/stm32h7xx_hal_cortex.o
LOAD ./Drivers/STM32H7xx_HAL_Driver/Src/stm32h7xx_hal_dma.o
LOAD ./Drivers/STM32H7xx_HAL_Driver/Src/stm32h7xx_hal_dma_ex.o
LOAD ./Drivers/STM32H7xx_HAL_Driver/Src/stm32h7xx_hal_eth.o
LOAD ./Drivers/STM32H7xx_HAL_Driver/Src/stm32h7xx_hal_eth_ex.o
LOAD ./Drivers/STM32H7xx_HAL_Driver/Src/stm32h7xx_hal_exti.o
LOAD ./Drivers/STM32H7xx_HAL_Driver/Src/stm32h7xx_hal_flash.o
LOAD ./Drivers/STM32H7xx_HAL_Driver/Src/stm32h7xx_hal_flash_ex.o
LOAD ./Drivers/STM32H7xx_HAL_Driver/Src/stm32h7xx_hal_gpio.o
LOAD ./Drivers/STM32H7xx_HAL_Driver/Src/stm32h7xx_hal_hsem.o
LOAD ./Drivers/STM32H7xx_HAL_Driver/Src/stm32h7xx_hal_i2c.o
LOAD ./Drivers/STM32H7xx_HAL_Driver/Src/stm32h7xx_hal_i2c_ex.o
LOAD ./Drivers/STM32H7xx_HAL_Driver/Src/stm32h7xx_hal_mdma.o
LOAD ./Drivers/STM32H7xx_HAL_Driver/Src/stm32h7xx_hal_pwr.o
LOAD ./Drivers/STM32H7xx_HAL_Driver/Src/stm32h7xx_hal_pwr_ex.o
LOAD ./Drivers/STM32H7xx_HAL_Driver/Src/stm32h7xx_hal_rcc.o
LOAD ./Drivers/STM32H7xx_HAL_Driver/Src/stm32h7xx_hal_rcc_ex.o
LOAD ./Drivers/STM32H7xx_HAL_Driver/Src/stm32h7xx_hal_rng.o
LOAD ./Drivers/STM32H7xx_HAL_Driver/Src/stm32h7xx_hal_rng_ex.o
LOAD ./Drivers/STM32H7xx_HAL_Driver/Src/stm32h7xx_hal_tim.o
LOAD ./Drivers/STM32H7xx_HAL_Driver/Src/stm32h7xx_hal_tim_ex.o
LOAD ./Drivers/STM32H7xx_HAL_Driver/Src/stm32h7xx_hal_uart.o
LOAD ./Drivers/STM32H7xx_HAL_Driver/Src/stm32h7xx_hal_uart_ex.o
START GROUP
LOAD C:/ST/STM32CubeIDE_1.13.1/STM32CubeIDE/plugins/com.st.stm32cube.ide.mcu.externaltools.gnu-tools-for-stm32.11.3.rel1.win32_1.1.0.202305231506/tools/bin/../lib/gcc/arm-none-eabi/11.3.1/../../../../arm-none-eabi/lib/thumb/v7e-m+dp/hard\libc_nano.a
LOAD C:/ST/STM32CubeIDE_1.13.1/STM32CubeIDE/plugins/com.st.stm32cube.ide.mcu.externaltools.gnu-tools-for-stm32.11.3.rel1.win32_1.1.0.202305231506/tools/bin/../lib/gcc/arm-none-eabi/11.3.1/../../../../arm-none-eabi/lib/thumb/v7e-m+dp/hard\libm.a
END GROUP
START GROUP
LOAD C:/ST/STM32CubeIDE_1.13.1/STM32CubeIDE/plugins/com.st.stm32cube.ide.mcu.externaltools.gnu-tools-for-stm32.11.3.rel1.win32_1.1.0.202305231506/tools/bin/../lib/gcc/arm-none-eabi/11.3.1/thumb/v7e-m+dp/hard\libgcc.a
LOAD C:/ST/STM32CubeIDE_1.13.1/STM32CubeIDE/plugins/com.st.stm32cube.ide.mcu.externaltools.gnu-tools-for-stm32.11.3.rel1.win32_1.1.0.202305231506/tools/bin/../lib/gcc/arm-none-eabi/11.3.1/../../../../arm-none-eabi/lib/thumb/v7e-m+dp/hard\libc_nano.a
END GROUP
START GROUP
LOAD C:/ST/STM32CubeIDE_1.13.1/STM32CubeIDE/plugins/com.st.stm32cube.ide.mcu.externaltools.gnu-tools-for-stm32.11.3.rel1.win32_1.1.0.202305231506/tools/bin/../lib/gcc/arm-none-eabi/11.3.1/thumb/v7e-m+dp/hard\libgcc.a
LOAD C:/ST/STM32CubeIDE_1.13.1/STM32CubeIDE/plugins/com.st.stm32cube.ide.mcu.externaltools.gnu-tools-for-stm32.11.3.rel1.win32_1.1.0.202305231506/tools/bin/../lib/gcc/arm-none-eabi/11.3.1/../../../../arm-none-eabi/lib/thumb/v7e-m+dp/hard\libc_nano.a
LOAD C:/ST/STM32CubeIDE_1.13.1/STM32CubeIDE/plugins/com.st.stm32cube.ide.mcu.externaltools.gnu-tools-for-stm32.11.3.rel1.win32_1.1.0.202305231506/tools/bin/../lib/gcc/arm-none-eabi/11.3.1/../../../../arm-none-eabi/lib/thumb/v7e-m+dp/hard\libnosys.a
END GROUP
START GROUP
LOAD C:/ST/STM32CubeIDE_1.13.1/STM32CubeIDE/plugins/com.st.stm32cube.ide.mcu.externaltools.gnu-tools-for-stm32.11.3.rel1.win32_1.1.0.202305231506/tools/bin/../lib/gcc/arm-none-eabi/11.3.1/thumb/v7e-m+dp/hard\libgcc.a
LOAD C:/ST/STM32CubeIDE_1.13.1/STM32CubeIDE/plugins/com.st.stm32cube.ide.mcu.externaltools.gnu-tools-for-stm32.11.3.rel1.win32_1.1.0.202305231506/tools/bin/../lib/gcc/arm-none-eabi/11.3.1/../../../../arm-none-eabi/lib/thumb/v7e-m+dp/hard\libc_nano.a
LOAD C:/ST/STM32CubeIDE_1.13.1/STM32CubeIDE/plugins/com.st.stm32cube.ide.mcu.externaltools.gnu-tools-for-stm32.11.3.rel1.win32_1.1.0.202305231506/tools/bin/../lib/gcc/arm-none-eabi/11.3.1/../../../../arm-none-eabi/lib/thumb/v7e-m+dp/hard\libnosys.a
END GROUP
LOAD C:/ST/STM32CubeIDE_1.13.1/STM32CubeIDE/plugins/com.st.stm32cube.ide.mcu.externaltools.gnu-tools-for-stm32.11.3.rel1.win32_1.1.0.202305231506/tools/bin/../lib/gcc/arm-none-eabi/11.3.1/thumb/v7e-m+dp/hard/crtend.o
LOAD C:/ST/STM32CubeIDE_1.13.1/STM32CubeIDE/plugins/com.st.stm32cube.ide.mcu.externaltools.gnu-tools-for-stm32.11.3.rel1.win32_1.1.0.202305231506/tools/bin/../lib/gcc/arm-none-eabi/11.3.1/thumb/v7e-m+dp/hard/crtn.o
                0x0000000024050000                _estack = (ORIGIN (RAM_D1) + LENGTH (RAM_D1))
                0x0000000000000200                _Min_Heap_Size = 0x200
                0x0000000000000400                _Min_Stack_Size = 0x400

.isr_vector     0x0000000008000000      0x2cc
                0x0000000008000000                . = ALIGN (0x4)
 *(.isr_vector)
 .isr_vector    0x0000000008000000      0x2cc ./Core/Startup/startup_stm32h723zgtx.o
                0x0000000008000000                g_pfnVectors
                0x00000000080002cc                . = ALIGN (0x4)

.text           0x00000000080002d0    0x16058
                0x00000000080002d0                . = ALIGN (0x4)
 *(.text)
 .text          0x00000000080002d0       0x40 C:/ST/STM32CubeIDE_1.13.1/STM32CubeIDE/plugins/com.st.stm32cube.ide.mcu.externaltools.gnu-tools-for-stm32.11.3.rel1.win32_1.1.0.202305231506/tools/bin/../lib/gcc/arm-none-eabi/11.3.1/thumb/v7e-m+dp/hard/crtbegin.o
 .text          0x0000000008000310       0x14 C:/ST/STM32CubeIDE_1.13.1/STM32CubeIDE/plugins/com.st.stm32cube.ide.mcu.externaltools.gnu-tools-for-stm32.11.3.rel1.win32_1.1.0.202305231506/tools/bin/../lib/gcc/arm-none-eabi/11.3.1/../../../../arm-none-eabi/lib/thumb/v7e-m+dp/hard\libc_nano.a(libc_a-strcmp.o)
                0x0000000008000310                strcmp
 *fill*         0x0000000008000324        0xc 
 .text          0x0000000008000330       0xa0 C:/ST/STM32CubeIDE_1.13.1/STM32CubeIDE/plugins/com.st.stm32cube.ide.mcu.externaltools.gnu-tools-for-stm32.11.3.rel1.win32_1.1.0.202305231506/tools/bin/../lib/gcc/arm-none-eabi/11.3.1/../../../../arm-none-eabi/lib/thumb/v7e-m+dp/hard\libc_nano.a(libc_a-memchr.o)
                0x0000000008000330                memchr
 .text          0x00000000080003d0       0x10 C:/ST/STM32CubeIDE_1.13.1/STM32CubeIDE/plugins/com.st.stm32cube.ide.mcu.externaltools.gnu-tools-for-stm32.11.3.rel1.win32_1.1.0.202305231506/tools/bin/../lib/gcc/arm-none-eabi/11.3.1/../../../../arm-none-eabi/lib/thumb/v7e-m+dp/hard\libc_nano.a(libc_a-strlen.o)
                0x00000000080003d0                strlen
 .text          0x00000000080003e0      0x378 C:/ST/STM32CubeIDE_1.13.1/STM32CubeIDE/plugins/com.st.stm32cube.ide.mcu.externaltools.gnu-tools-for-stm32.11.3.rel1.win32_1.1.0.202305231506/tools/bin/../lib/gcc/arm-none-eabi/11.3.1/thumb/v7e-m+dp/hard\libgcc.a(_arm_addsubdf3.o)
                0x00000000080003e0                __aeabi_drsub
                0x00000000080003e8                __aeabi_dsub
                0x00000000080003e8                __subdf3
                0x00000000080003ec                __aeabi_dadd
                0x00000000080003ec                __adddf3
                0x0000000008000664                __floatunsidf
                0x0000000008000664                __aeabi_ui2d
                0x0000000008000684                __floatsidf
                0x0000000008000684                __aeabi_i2d
                0x00000000080006a8                __aeabi_f2d
                0x00000000080006a8                __extendsfdf2
                0x00000000080006ec                __floatundidf
                0x00000000080006ec                __aeabi_ul2d
                0x00000000080006fc                __floatdidf
                0x00000000080006fc                __aeabi_l2d
 .text          0x0000000008000758       0xa0 C:/ST/STM32CubeIDE_1.13.1/STM32CubeIDE/plugins/com.st.stm32cube.ide.mcu.externaltools.gnu-tools-for-stm32.11.3.rel1.win32_1.1.0.202305231506/tools/bin/../lib/gcc/arm-none-eabi/11.3.1/thumb/v7e-m+dp/hard\libgcc.a(_aeabi_ldivmod.o)
                0x0000000008000758                __aeabi_ldivmod
 .text          0x00000000080007f8       0x30 C:/ST/STM32CubeIDE_1.13.1/STM32CubeIDE/plugins/com.st.stm32cube.ide.mcu.externaltools.gnu-tools-for-stm32.11.3.rel1.win32_1.1.0.202305231506/tools/bin/../lib/gcc/arm-none-eabi/11.3.1/thumb/v7e-m+dp/hard\libgcc.a(_aeabi_uldivmod.o)
                0x00000000080007f8                __aeabi_uldivmod
 .text          0x0000000008000828       0x30 C:/ST/STM32CubeIDE_1.13.1/STM32CubeIDE/plugins/com.st.stm32cube.ide.mcu.externaltools.gnu-tools-for-stm32.11.3.rel1.win32_1.1.0.202305231506/tools/bin/../lib/gcc/arm-none-eabi/11.3.1/thumb/v7e-m+dp/hard\libgcc.a(_fixdfdi.o)
                0x0000000008000828                __fixdfdi
                0x0000000008000828                __aeabi_d2lz
 .text          0x0000000008000858       0x40 C:/ST/STM32CubeIDE_1.13.1/STM32CubeIDE/plugins/com.st.stm32cube.ide.mcu.externaltools.gnu-tools-for-stm32.11.3.rel1.win32_1.1.0.202305231506/tools/bin/../lib/gcc/arm-none-eabi/11.3.1/thumb/v7e-m+dp/hard\libgcc.a(_fixunsdfdi.o)
                0x0000000008000858                __fixunsdfdi
                0x0000000008000858                __aeabi_d2ulz
 .text          0x0000000008000898      0x2c8 C:/ST/STM32CubeIDE_1.13.1/STM32CubeIDE/plugins/com.st.stm32cube.ide.mcu.externaltools.gnu-tools-for-stm32.11.3.rel1.win32_1.1.0.202305231506/tools/bin/../lib/gcc/arm-none-eabi/11.3.1/thumb/v7e-m+dp/hard\libgcc.a(_udivmoddi4.o)
                0x0000000008000898                __udivmoddi4
 .text          0x0000000008000b60        0x4 C:/ST/STM32CubeIDE_1.13.1/STM32CubeIDE/plugins/com.st.stm32cube.ide.mcu.externaltools.gnu-tools-for-stm32.11.3.rel1.win32_1.1.0.202305231506/tools/bin/../lib/gcc/arm-none-eabi/11.3.1/thumb/v7e-m+dp/hard\libgcc.a(_dvmd_tls.o)
                0x0000000008000b60                __aeabi_idiv0
                0x0000000008000b60                __aeabi_ldiv0
 *(.text*)
 .text.chiprev  0x0000000008000b64       0x3c ./Core/Src/main.o
 .text.mg_millis
                0x0000000008000ba0       0x1a ./Core/Src/main.o
                0x0000000008000ba0                mg_millis
 *fill*         0x0000000008000bba        0x2 
 .text.mg_random
                0x0000000008000bbc       0x5c ./Core/Src/main.o
                0x0000000008000bbc                mg_random
 .text.timer_fn
                0x0000000008000c18       0x8c ./Core/Src/main.o
 .text.mg_event_handler
                0x0000000008000ca4       0x8c ./Core/Src/main.o
 .text.main     0x0000000008000d30      0x1c0 ./Core/Src/main.o
                0x0000000008000d30                main
 .text.SystemClock_Config
                0x0000000008000ef0       0xe0 ./Core/Src/main.o
                0x0000000008000ef0                SystemClock_Config
 .text.MX_ETH_Init
                0x0000000008000fd0       0x98 ./Core/Src/main.o
 .text.MX_RNG_Init
                0x0000000008001068       0x2c ./Core/Src/main.o
 .text.MX_USART3_UART_Init
                0x0000000008001094       0x98 ./Core/Src/main.o
 .text.MX_USB_OTG_HS_USB_Init
                0x000000000800112c        0xe ./Core/Src/main.o
 *fill*         0x000000000800113a        0x2 
 .text.MX_GPIO_Init
                0x000000000800113c      0x1f8 ./Core/Src/main.o
 .text.Error_Handler
                0x0000000008001334        0xa ./Core/Src/main.o
                0x0000000008001334                Error_Handler
 .text.mg_b64idx
                0x000000000800133e       0x44 ./Core/Src/mongoose.o
 .text.mg_b64rev
                0x0000000008001382       0x6c ./Core/Src/mongoose.o
 *fill*         0x00000000080013ee        0x2 
 .text.mg_base64_update
                0x00000000080013f0      0x100 ./Core/Src/mongoose.o
                0x00000000080013f0                mg_base64_update
 .text.mg_base64_final
                0x00000000080014f0       0x64 ./Core/Src/mongoose.o
                0x00000000080014f0                mg_base64_final
 .text.mg_base64_encode
                0x0000000008001554       0x4c ./Core/Src/mongoose.o
                0x0000000008001554                mg_base64_encode
 .text.mg_base64_decode
                0x00000000080015a0      0x11e ./Core/Src/mongoose.o
                0x00000000080015a0                mg_base64_decode
 .text.mg_dns_free
                0x00000000080016be       0x3a ./Core/Src/mongoose.o
 .text.mg_resolve_cancel
                0x00000000080016f8       0x3e ./Core/Src/mongoose.o
                0x00000000080016f8                mg_resolve_cancel
 .text.mg_dns_parse_name_depth
                0x0000000008001736      0x160 ./Core/Src/mongoose.o
 .text.mg_dns_parse_name
                0x0000000008001896       0x30 ./Core/Src/mongoose.o
 .text.mg_dns_parse_rr
                0x00000000080018c6      0x124 ./Core/Src/mongoose.o
                0x00000000080018c6                mg_dns_parse_rr
 .text.mg_dns_parse
                0x00000000080019ea      0x172 ./Core/Src/mongoose.o
                0x00000000080019ea                mg_dns_parse
 .text.dns_cb   0x0000000008001b5c      0x30c ./Core/Src/mongoose.o
 .text.mg_dns_send
                0x0000000008001e68      0x1c0 ./Core/Src/mongoose.o
 .text.mg_sendnsreq
                0x0000000008002028      0x170 ./Core/Src/mongoose.o
 .text.mg_resolve
                0x0000000008002198       0x88 ./Core/Src/mongoose.o
                0x0000000008002198                mg_resolve
 .text.mg_call  0x0000000008002220       0x44 ./Core/Src/mongoose.o
                0x0000000008002220                mg_call
 .text.mg_error
                0x0000000008002264       0x7c ./Core/Src/mongoose.o
                0x0000000008002264                mg_error
 .text.is_digit
                0x00000000080022e0       0x2c ./Core/Src/mongoose.o
 .text.addexp   0x000000000800230c      0x104 ./Core/Src/mongoose.o
 .text.xisinf   0x0000000008002410       0x50 ./Core/Src/mongoose.o
 .text.xisnan   0x0000000008002460       0x58 ./Core/Src/mongoose.o
 .text.mg_dtoa  0x00000000080024b8      0x524 ./Core/Src/mongoose.o
 .text.mg_lld   0x00000000080029dc      0x160 ./Core/Src/mongoose.o
 .text.scpy     0x0000000008002b3c       0x46 ./Core/Src/mongoose.o
 .text.mg_xprintf
                0x0000000008002b82       0x36 ./Core/Src/mongoose.o
                0x0000000008002b82                mg_xprintf
 .text.mg_vxprintf
                0x0000000008002bb8      0x748 ./Core/Src/mongoose.o
                0x0000000008002bb8                mg_vxprintf
 .text.mg_fs_open
                0x0000000008003300       0x50 ./Core/Src/mongoose.o
                0x0000000008003300                mg_fs_open
 .text.mg_fs_close
                0x0000000008003350       0x2a ./Core/Src/mongoose.o
                0x0000000008003350                mg_fs_close
 .text.is_dir_prefix
                0x000000000800337a       0x58 ./Core/Src/mongoose.o
 .text.packed_stat
                0x00000000080033d2       0x60 ./Core/Src/mongoose.o
 *fill*         0x0000000008003432        0x2 
 .text.packed_list
                0x0000000008003434       0xfc ./Core/Src/mongoose.o
 .text.packed_open
                0x0000000008003530       0x62 ./Core/Src/mongoose.o
 .text.packed_close
                0x0000000008003592       0x1c ./Core/Src/mongoose.o
 .text.packed_read
                0x00000000080035ae       0x56 ./Core/Src/mongoose.o
 .text.packed_write
                0x0000000008003604       0x1a ./Core/Src/mongoose.o
 .text.packed_seek
                0x000000000800361e       0x38 ./Core/Src/mongoose.o
 .text.packed_rename
                0x0000000008003656       0x18 ./Core/Src/mongoose.o
 .text.packed_remove
                0x000000000800366e       0x16 ./Core/Src/mongoose.o
 .text.packed_mkdir
                0x0000000008003684       0x16 ./Core/Src/mongoose.o
 .text.p_stat   0x000000000800369a       0x1a ./Core/Src/mongoose.o
 .text.p_list   0x00000000080036b4       0x18 ./Core/Src/mongoose.o
 .text.p_open   0x00000000080036cc       0x18 ./Core/Src/mongoose.o
 .text.p_close  0x00000000080036e4       0x14 ./Core/Src/mongoose.o
 .text.p_read   0x00000000080036f8       0x1a ./Core/Src/mongoose.o
 .text.p_write  0x0000000008003712       0x1a ./Core/Src/mongoose.o
 .text.p_seek   0x000000000800372c       0x1a ./Core/Src/mongoose.o
 .text.p_rename
                0x0000000008003746       0x18 ./Core/Src/mongoose.o
 .text.p_remove
                0x000000000800375e       0x16 ./Core/Src/mongoose.o
 .text.p_mkdir  0x0000000008003774       0x16 ./Core/Src/mongoose.o
 *fill*         0x000000000800378a        0x6 
 .text.mg_to_size_t
                0x0000000008003790      0x128 ./Core/Src/mongoose.o
                0x0000000008003790                mg_to_size_t
 .text.mg_http_var
                0x00000000080038b8       0x82 ./Core/Src/mongoose.o
                0x00000000080038b8                mg_http_var
 .text.mg_http_get_var
                0x000000000800393a       0x9a ./Core/Src/mongoose.o
                0x000000000800393a                mg_http_get_var
 .text.isx      0x00000000080039d4       0x44 ./Core/Src/mongoose.o
 .text.mg_url_decode
                0x0000000008003a18       0xfc ./Core/Src/mongoose.o
                0x0000000008003a18                mg_url_decode
 .text.isok     0x0000000008003b14       0x34 ./Core/Src/mongoose.o
 .text.mg_http_get_request_len
                0x0000000008003b48       0x9c ./Core/Src/mongoose.o
                0x0000000008003b48                mg_http_get_request_len
 .text.skip     0x0000000008003be4       0x78 ./Core/Src/mongoose.o
 .text.mg_http_get_header
                0x0000000008003c5c       0x80 ./Core/Src/mongoose.o
                0x0000000008003c5c                mg_http_get_header
 .text.mg_http_parse_headers
                0x0000000008003cdc       0xcc ./Core/Src/mongoose.o
 .text.mg_http_parse
                0x0000000008003da8      0x224 ./Core/Src/mongoose.o
                0x0000000008003da8                mg_http_parse
 .text.mg_http_status_code_str
                0x0000000008003fcc      0x9f8 ./Core/Src/mongoose.o
 .text.mg_http_reply
                0x00000000080049c4       0xb0 ./Core/Src/mongoose.o
                0x00000000080049c4                mg_http_reply
 .text.restore_http_cb
                0x0000000008004a74       0x38 ./Core/Src/mongoose.o
 .text.mg_http_etag
                0x0000000008004aac       0x38 ./Core/Src/mongoose.o
                0x0000000008004aac                mg_http_etag
 .text.static_cb
                0x0000000008004ae4       0xc2 ./Core/Src/mongoose.o
 *fill*         0x0000000008004ba6        0x2 
 .text.guess_content_type
                0x0000000008004ba8       0xf4 ./Core/Src/mongoose.o
 .text.getrange
                0x0000000008004c9c      0x124 ./Core/Src/mongoose.o
 .text.mg_http_serve_file
                0x0000000008004dc0      0x544 ./Core/Src/mongoose.o
                0x0000000008004dc0                mg_http_serve_file
 .text.uri_to_path2
                0x0000000008005304      0x2a8 ./Core/Src/mongoose.o
 .text.uri_to_path
                0x00000000080055ac      0x114 ./Core/Src/mongoose.o
 .text.mg_http_serve_dir
                0x00000000080056c0       0xa8 ./Core/Src/mongoose.o
                0x00000000080056c0                mg_http_serve_dir
 .text.mg_http_creds
                0x0000000008005768      0x238 ./Core/Src/mongoose.o
                0x0000000008005768                mg_http_creds
 .text.stripquotes
                0x00000000080059a0       0x52 ./Core/Src/mongoose.o
 .text.mg_http_get_header_var
                0x00000000080059f2      0x12c ./Core/Src/mongoose.o
                0x00000000080059f2                mg_http_get_header_var
 .text.mg_http_match_uri
                0x0000000008005b1e       0x34 ./Core/Src/mongoose.o
                0x0000000008005b1e                mg_http_match_uri
 .text.getchunk
                0x0000000008005b52       0xba ./Core/Src/mongoose.o
 .text.mg_is_chunked
                0x0000000008005c0c       0x48 ./Core/Src/mongoose.o
 .text.deliver_chunked_chunks
                0x0000000008005c54      0x194 ./Core/Src/mongoose.o
 .text.deliver_normal_chunks
                0x0000000008005de8      0x130 ./Core/Src/mongoose.o
 .text.http_cb  0x0000000008005f18      0x244 ./Core/Src/mongoose.o
 .text.mg_http_listen
                0x000000000800615c       0x38 ./Core/Src/mongoose.o
                0x000000000800615c                mg_http_listen
 .text.zeromem  0x0000000008006194       0x32 ./Core/Src/mongoose.o
 .text.roundup  0x00000000080061c6       0x34 ./Core/Src/mongoose.o
 *fill*         0x00000000080061fa        0x2 
 .text.mg_iobuf_resize
                0x00000000080061fc      0x114 ./Core/Src/mongoose.o
                0x00000000080061fc                mg_iobuf_resize
 .text.mg_iobuf_add
                0x0000000008006310       0xa4 ./Core/Src/mongoose.o
                0x0000000008006310                mg_iobuf_add
 .text.mg_iobuf_del
                0x00000000080063b4       0x96 ./Core/Src/mongoose.o
                0x00000000080063b4                mg_iobuf_del
 .text.mg_iobuf_free
                0x000000000800644a       0x18 ./Core/Src/mongoose.o
                0x000000000800644a                mg_iobuf_free
 *fill*         0x0000000008006462        0x2 
 .text.escapeseq
                0x0000000008006464       0x28 ./Core/Src/mongoose.o
 .text.json_esc
                0x000000000800648c       0x60 ./Core/Src/mongoose.o
 .text.mg_pass_string
                0x00000000080064ec       0x82 ./Core/Src/mongoose.o
 *fill*         0x000000000800656e        0x2 
 .text.mg_atod  0x0000000008006570      0x2a0 ./Core/Src/mongoose.o
 .text.mg_json_get
                0x0000000008006810      0x628 ./Core/Src/mongoose.o
                0x0000000008006810                mg_json_get
 .text.mg_json_get_num
                0x0000000008006e38       0x8a ./Core/Src/mongoose.o
                0x0000000008006e38                mg_json_get_num
 .text.mg_json_get_bool
                0x0000000008006ec2       0x78 ./Core/Src/mongoose.o
                0x0000000008006ec2                mg_json_get_bool
 .text.mg_json_unescape
                0x0000000008006f3a      0x11e ./Core/Src/mongoose.o
                0x0000000008006f3a                mg_json_unescape
 .text.mg_json_get_str
                0x0000000008007058       0x9c ./Core/Src/mongoose.o
                0x0000000008007058                mg_json_get_str
 .text.mg_json_get_long
                0x00000000080070f4       0x44 ./Core/Src/mongoose.o
                0x00000000080070f4                mg_json_get_long
 .text.logc     0x0000000008007138       0x28 ./Core/Src/mongoose.o
 .text.logs     0x0000000008007160       0x36 ./Core/Src/mongoose.o
 *fill*         0x0000000008007196        0x2 
 .text.mg_log_set
                0x0000000008007198       0x44 ./Core/Src/mongoose.o
                0x0000000008007198                mg_log_set
 .text.mg_log_prefix
                0x00000000080071dc       0xb4 ./Core/Src/mongoose.o
                0x00000000080071dc                mg_log_prefix
 .text.mg_log   0x0000000008007290       0x3c ./Core/Src/mongoose.o
                0x0000000008007290                mg_log
 .text.nibble   0x00000000080072cc       0x2c ./Core/Src/mongoose.o
 .text.mg_hexdump
                0x00000000080072f8      0x168 ./Core/Src/mongoose.o
                0x00000000080072f8                mg_hexdump
 .text.mg_vprintf
                0x0000000008007460       0x38 ./Core/Src/mongoose.o
                0x0000000008007460                mg_vprintf
 .text.mg_printf
                0x0000000008007498       0x34 ./Core/Src/mongoose.o
                0x0000000008007498                mg_printf
 .text.mg_atonl
                0x00000000080074cc       0x50 ./Core/Src/mongoose.o
 .text.mg_atone
                0x000000000800751c       0x36 ./Core/Src/mongoose.o
 .text.mg_aton4
                0x0000000008007552       0xec ./Core/Src/mongoose.o
 .text.mg_v4mapped
                0x000000000800763e       0xd0 ./Core/Src/mongoose.o
 .text.mg_aton6
                0x000000000800770e      0x1c2 ./Core/Src/mongoose.o
 .text.mg_aton  0x00000000080078d0       0x74 ./Core/Src/mongoose.o
                0x00000000080078d0                mg_aton
 .text.mg_alloc_conn
                0x0000000008007944       0x52 ./Core/Src/mongoose.o
                0x0000000008007944                mg_alloc_conn
 *fill*         0x0000000008007996        0x2 
 .text.mg_close_conn
                0x0000000008007998       0xc4 ./Core/Src/mongoose.o
                0x0000000008007998                mg_close_conn
 .text.mg_connect
                0x0000000008007a5c      0x114 ./Core/Src/mongoose.o
                0x0000000008007a5c                mg_connect
 .text.mg_listen
                0x0000000008007b70      0x120 ./Core/Src/mongoose.o
                0x0000000008007b70                mg_listen
 .text.mg_timer_add
                0x0000000008007c90       0x52 ./Core/Src/mongoose.o
                0x0000000008007c90                mg_timer_add
 *fill*         0x0000000008007ce2        0x2 
 .text.mg_mgr_init
                0x0000000008007ce4       0x40 ./Core/Src/mongoose.o
                0x0000000008007ce4                mg_mgr_init
 .text.mg_pfn_iobuf_private
                0x0000000008007d24       0x90 ./Core/Src/mongoose.o
 .text.mg_putchar_iobuf_static
                0x0000000008007db4       0x20 ./Core/Src/mongoose.o
 .text.mg_pfn_iobuf
                0x0000000008007dd4       0x20 ./Core/Src/mongoose.o
                0x0000000008007dd4                mg_pfn_iobuf
 .text.mg_vsnprintf
                0x0000000008007df4       0x50 ./Core/Src/mongoose.o
                0x0000000008007df4                mg_vsnprintf
 .text.mg_snprintf
                0x0000000008007e44       0x32 ./Core/Src/mongoose.o
                0x0000000008007e44                mg_snprintf
 .text.mg_pfn_stdout
                0x0000000008007e76       0x1c ./Core/Src/mongoose.o
                0x0000000008007e76                mg_pfn_stdout
 *fill*         0x0000000008007e92        0x2 
 .text.print_ip4
                0x0000000008007e94       0x48 ./Core/Src/mongoose.o
 .text.print_ip6
                0x0000000008007edc       0xbc ./Core/Src/mongoose.o
 .text.mg_print_ip4
                0x0000000008007f98       0x2e ./Core/Src/mongoose.o
                0x0000000008007f98                mg_print_ip4
 .text.mg_print_ip
                0x0000000008007fc6       0x48 ./Core/Src/mongoose.o
                0x0000000008007fc6                mg_print_ip
 *fill*         0x000000000800800e        0x2 
 .text.mg_print_ip_port
                0x0000000008008010       0x4c ./Core/Src/mongoose.o
                0x0000000008008010                mg_print_ip_port
 .text.mg_print_mac
                0x000000000800805c       0x6c ./Core/Src/mongoose.o
                0x000000000800805c                mg_print_mac
 .text.mg_esc   0x00000000080080c8       0x7c ./Core/Src/mongoose.o
 .text.mg_escape
                0x0000000008008144       0x1a ./Core/Src/mongoose.o
 .text.qcpy     0x000000000800815e       0x86 ./Core/Src/mongoose.o
 .text.mg_print_esc
                0x00000000080081e4       0x58 ./Core/Src/mongoose.o
                0x00000000080081e4                mg_print_esc
 .text.mg_queue_read_len
                0x000000000800823c       0x54 ./Core/Src/mongoose.o
 .text.mg_queue_write_len
                0x0000000008008290       0x2c ./Core/Src/mongoose.o
 .text.mg_queue_book
                0x00000000080082bc       0xae ./Core/Src/mongoose.o
                0x00000000080082bc                mg_queue_book
 *fill*         0x000000000800836a        0x2 
 .text.mg_queue_next
                0x000000000800836c       0x8c ./Core/Src/mongoose.o
                0x000000000800836c                mg_queue_next
 .text.mg_queue_add
                0x00000000080083f8       0x70 ./Core/Src/mongoose.o
                0x00000000080083f8                mg_queue_add
 .text.mg_queue_del
                0x0000000008008468       0x48 ./Core/Src/mongoose.o
                0x0000000008008468                mg_queue_del
 .text.blk0     0x00000000080084b0       0x58 ./Core/Src/mongoose.o
 .text.mg_sha1_transform
                0x0000000008008508     0x143c ./Core/Src/mongoose.o
 .text.mg_sha1_init
                0x0000000008009944       0x54 ./Core/Src/mongoose.o
                0x0000000008009944                mg_sha1_init
 .text.mg_sha1_update
                0x0000000008009998       0xcc ./Core/Src/mongoose.o
                0x0000000008009998                mg_sha1_update
 .text.mg_sha1_final
                0x0000000008009a64       0xe4 ./Core/Src/mongoose.o
                0x0000000008009a64                mg_sha1_final
 .text.gettimestamp
                0x0000000008009b48       0xec ./Core/Src/mongoose.o
 .text.mg_sntp_parse
                0x0000000008009c34      0x1f8 ./Core/Src/mongoose.o
                0x0000000008009c34                mg_sntp_parse
 .text.sntp_cb  0x0000000008009e2c       0xe8 ./Core/Src/mongoose.o
 *fill*         0x0000000008009f14        0x4 
 .text.mg_sntp_request
                0x0000000008009f18      0x108 ./Core/Src/mongoose.o
                0x0000000008009f18                mg_sntp_request
 .text.mg_sntp_connect
                0x000000000800a020       0x48 ./Core/Src/mongoose.o
                0x000000000800a020                mg_sntp_connect
 .text.mg_http_serve_ssi
                0x000000000800a068       0x28 ./Core/Src/mongoose.o
                0x000000000800a068                mg_http_serve_ssi
 .text.mg_str_s
                0x000000000800a090       0x3a ./Core/Src/mongoose.o
                0x000000000800a090                mg_str_s
 .text.mg_str_n
                0x000000000800a0ca       0x30 ./Core/Src/mongoose.o
                0x000000000800a0ca                mg_str_n
 .text.mg_lower
                0x000000000800a0fa       0x2e ./Core/Src/mongoose.o
                0x000000000800a0fa                mg_lower
 .text.mg_ncasecmp
                0x000000000800a128       0x5c ./Core/Src/mongoose.o
                0x000000000800a128                mg_ncasecmp
 .text.mg_vcmp  0x000000000800a184       0x48 ./Core/Src/mongoose.o
                0x000000000800a184                mg_vcmp
 .text.mg_vcasecmp
                0x000000000800a1cc       0x48 ./Core/Src/mongoose.o
                0x000000000800a1cc                mg_vcasecmp
 .text.mg_strcmp
                0x000000000800a214       0x84 ./Core/Src/mongoose.o
                0x000000000800a214                mg_strcmp
 .text.mg_strstr
                0x000000000800a298       0x6a ./Core/Src/mongoose.o
                0x000000000800a298                mg_strstr
 .text.mg_match
                0x000000000800a302      0x1ce ./Core/Src/mongoose.o
                0x000000000800a302                mg_match
 .text.mg_globmatch
                0x000000000800a4d0       0x48 ./Core/Src/mongoose.o
                0x000000000800a4d0                mg_globmatch
 .text.mg_nce   0x000000000800a518       0xd2 ./Core/Src/mongoose.o
 .text.mg_split
                0x000000000800a5ea       0xe8 ./Core/Src/mongoose.o
                0x000000000800a5ea                mg_split
 .text.mg_commalist
                0x000000000800a6d2       0x22 ./Core/Src/mongoose.o
                0x000000000800a6d2                mg_commalist
 .text.mg_unhex_nimble
                0x000000000800a6f4       0x44 ./Core/Src/mongoose.o
 .text.mg_unhexn
                0x000000000800a738       0x4e ./Core/Src/mongoose.o
                0x000000000800a738                mg_unhexn
 .text.mg_unhex
                0x000000000800a786       0x46 ./Core/Src/mongoose.o
                0x000000000800a786                mg_unhex
 .text.mg_path_is_sane
                0x000000000800a7cc       0x5a ./Core/Src/mongoose.o
                0x000000000800a7cc                mg_path_is_sane
 .text.mg_timer_init
                0x000000000800a826       0x58 ./Core/Src/mongoose.o
                0x000000000800a826                mg_timer_init
 .text.mg_timer_expired
                0x000000000800a87e       0xc8 ./Core/Src/mongoose.o
                0x000000000800a87e                mg_timer_expired
 .text.mg_timer_poll
                0x000000000800a946       0xce ./Core/Src/mongoose.o
                0x000000000800a946                mg_timer_poll
 .text.mg_tls_init
                0x000000000800aa14       0x20 ./Core/Src/mongoose.o
                0x000000000800aa14                mg_tls_init
 .text.mg_tls_handshake
                0x000000000800aa34       0x14 ./Core/Src/mongoose.o
                0x000000000800aa34                mg_tls_handshake
 .text.mg_tls_free
                0x000000000800aa48       0x14 ./Core/Src/mongoose.o
                0x000000000800aa48                mg_tls_free
 .text.mg_tls_recv
                0x000000000800aa5c       0x32 ./Core/Src/mongoose.o
                0x000000000800aa5c                mg_tls_recv
 .text.mg_tls_send
                0x000000000800aa8e       0x32 ./Core/Src/mongoose.o
                0x000000000800aa8e                mg_tls_send
 .text.urlparse
                0x000000000800aac0      0x102 ./Core/Src/mongoose.o
 .text.mg_url_host
                0x000000000800abc2       0x66 ./Core/Src/mongoose.o
                0x000000000800abc2                mg_url_host
 .text.mg_url_port
                0x000000000800ac28       0xc8 ./Core/Src/mongoose.o
                0x000000000800ac28                mg_url_port
 .text.mg_ntohl
                0x000000000800acf0       0x32 ./Core/Src/mongoose.o
                0x000000000800acf0                mg_ntohl
 .text.mg_ntohs
                0x000000000800ad22       0x2e ./Core/Src/mongoose.o
                0x000000000800ad22                mg_ntohs
 .text.mg_crc32
                0x000000000800ad50       0x74 ./Core/Src/mongoose.o
                0x000000000800ad50                mg_crc32
 .text.ws_handshake
                0x000000000800adc4       0xc8 ./Core/Src/mongoose.o
 .text.be32     0x000000000800ae8c       0x38 ./Core/Src/mongoose.o
 .text.ws_process
                0x000000000800aec4      0x150 ./Core/Src/mongoose.o
 .text.mkhdr    0x000000000800b014       0xe2 ./Core/Src/mongoose.o
 .text.mg_ws_mask
                0x000000000800b0f6       0x78 ./Core/Src/mongoose.o
 *fill*         0x000000000800b16e        0x2 
 .text.mg_ws_send
                0x000000000800b170       0x8c ./Core/Src/mongoose.o
                0x000000000800b170                mg_ws_send
 .text.mg_ws_client_handshake
                0x000000000800b1fc      0x114 ./Core/Src/mongoose.o
 .text.mg_ws_cb
                0x000000000800b310      0x2a4 ./Core/Src/mongoose.o
 .text.mg_ws_upgrade
                0x000000000800b5b4       0xb0 ./Core/Src/mongoose.o
                0x000000000800b5b4                mg_ws_upgrade
 .text.eth_read_phy
                0x000000000800b664       0x74 ./Core/Src/mongoose.o
 .text.eth_write_phy
                0x000000000800b6d8       0x78 ./Core/Src/mongoose.o
 .text.get_hclk
                0x000000000800b750      0x1ac ./Core/Src/mongoose.o
 .text.guess_mdc_cr
                0x000000000800b8fc       0xcc ./Core/Src/mongoose.o
 .text.mg_tcpip_driver_stm32h_init
                0x000000000800b9c8      0x234 ./Core/Src/mongoose.o
 .text.mg_tcpip_driver_stm32h_tx
                0x000000000800bbfc      0x1a0 ./Core/Src/mongoose.o
 .text.mg_tcpip_driver_stm32h_up
                0x000000000800bd9c       0xd0 ./Core/Src/mongoose.o
 .text.ETH_IRQHandler
                0x000000000800be6c      0x120 ./Core/Src/mongoose.o
                0x000000000800be6c                ETH_IRQHandler
 .text.mkpay    0x000000000800bf8c       0x3c ./Core/Src/mongoose.o
 .text.csumup   0x000000000800bfc8       0x5a ./Core/Src/mongoose.o
 .text.csumfin  0x000000000800c022       0x36 ./Core/Src/mongoose.o
 .text.ipcsum   0x000000000800c058       0x26 ./Core/Src/mongoose.o
 .text.ether_output
                0x000000000800c07e       0x38 ./Core/Src/mongoose.o
 .text.arp_ask  0x000000000800c0b6       0xba ./Core/Src/mongoose.o
 .text.onstatechange
                0x000000000800c170      0x10c ./Core/Src/mongoose.o
 .text.tx_ip    0x000000000800c27c       0xac ./Core/Src/mongoose.o
 .text.tx_udp   0x000000000800c328       0xd2 ./Core/Src/mongoose.o
 *fill*         0x000000000800c3fa        0x2 
 .text.tx_dhcp  0x000000000800c3fc      0x120 ./Core/Src/mongoose.o
 .text.tx_dhcp_request_sel
                0x000000000800c51c       0x88 ./Core/Src/mongoose.o
 .text.tx_dhcp_request_re
                0x000000000800c5a4       0x60 ./Core/Src/mongoose.o
 .text.tx_dhcp_discover
                0x000000000800c604       0x74 ./Core/Src/mongoose.o
 .text.getpeer  0x000000000800c678       0xb0 ./Core/Src/mongoose.o
 .text.rx_arp   0x000000000800c728      0x200 ./Core/Src/mongoose.o
 .text.rx_icmp  0x000000000800c928       0xb8 ./Core/Src/mongoose.o
 .text.rx_dhcp_client
                0x000000000800c9e0      0x30c ./Core/Src/mongoose.o
 .text.rx_dhcp_server
                0x000000000800ccec      0x394 ./Core/Src/mongoose.o
 .text.rx_udp   0x000000000800d080       0xe4 ./Core/Src/mongoose.o
 .text.tx_tcp   0x000000000800d164      0x194 ./Core/Src/mongoose.o
 .text.tx_tcp_pkt
                0x000000000800d2f8       0x8c ./Core/Src/mongoose.o
 .text.settmout
                0x000000000800d384       0x90 ./Core/Src/mongoose.o
 .text.accept_conn
                0x000000000800d414      0x160 ./Core/Src/mongoose.o
 .text.mg_io_send
                0x000000000800d574      0x114 ./Core/Src/mongoose.o
                0x000000000800d574                mg_io_send
 .text.read_conn
                0x000000000800d688      0x274 ./Core/Src/mongoose.o
 .text.rx_tcp   0x000000000800d8fc      0x244 ./Core/Src/mongoose.o
 .text.rx_ip    0x000000000800db40      0x250 ./Core/Src/mongoose.o
 .text.rx_ip6   0x000000000800dd90       0x84 ./Core/Src/mongoose.o
 .text.mg_tcpip_rx
                0x000000000800de14      0x208 ./Core/Src/mongoose.o
 .text.mg_tcpip_poll
                0x000000000800e01c      0x3b4 ./Core/Src/mongoose.o
 .text.mg_tcpip_qwrite
                0x000000000800e3d0       0x5a ./Core/Src/mongoose.o
                0x000000000800e3d0                mg_tcpip_qwrite
 *fill*         0x000000000800e42a        0x2 
 .text.mg_tcpip_init
                0x000000000800e42c      0x1a0 ./Core/Src/mongoose.o
                0x000000000800e42c                mg_tcpip_init
 .text.send_syn
                0x000000000800e5cc       0x6a ./Core/Src/mongoose.o
 *fill*         0x000000000800e636        0x2 
 .text.mg_connect_resolved
                0x000000000800e638      0x1dc ./Core/Src/mongoose.o
                0x000000000800e638                mg_connect_resolved
 .text.mg_open_listener
                0x000000000800e814       0x2a ./Core/Src/mongoose.o
                0x000000000800e814                mg_open_listener
 .text.write_conn
                0x000000000800e83e       0x6a ./Core/Src/mongoose.o
 .text.close_conn
                0x000000000800e8a8       0x9e ./Core/Src/mongoose.o
 .text.can_write
                0x000000000800e946       0x68 ./Core/Src/mongoose.o
 *fill*         0x000000000800e9ae        0x2 
 .text.mg_mgr_poll
                0x000000000800e9b0      0x170 ./Core/Src/mongoose.o
                0x000000000800e9b0                mg_mgr_poll
 .text.mg_send  0x000000000800eb20       0xb0 ./Core/Src/mongoose.o
                0x000000000800eb20                mg_send
 .text.mg_now   0x000000000800ebd0       0x24 ./Core/Src/net.o
                0x000000000800ebd0                mg_now
 .text.ui_event_next
                0x000000000800ebf4       0xd4 ./Core/Src/net.o
                0x000000000800ebf4                ui_event_next
 .text.sfn      0x000000000800ecc8       0xa0 ./Core/Src/net.o
 .text.timer_sntp_fn
                0x000000000800ed68       0x24 ./Core/Src/net.o
 .text.authenticate
                0x000000000800ed8c      0x11c ./Core/Src/net.o
 .text.handle_login
                0x000000000800eea8       0xb8 ./Core/Src/net.o
 .text.handle_logout
                0x000000000800ef60       0x6c ./Core/Src/net.o
 .text.handle_debug
                0x000000000800efcc       0x48 ./Core/Src/net.o
 .text.print_int_arr
                0x000000000800f014       0x84 ./Core/Src/net.o
 .text.handle_stats_get
                0x000000000800f098       0x90 ./Core/Src/net.o
 .text.print_events
                0x000000000800f128       0xec ./Core/Src/net.o
 .text.handle_events_get
                0x000000000800f214       0x74 ./Core/Src/net.o
 .text.handle_settings_set
                0x000000000800f288      0x124 ./Core/Src/net.o
 .text.handle_settings_get
                0x000000000800f3ac       0xa4 ./Core/Src/net.o
 .text.fn       0x000000000800f450      0x1dc ./Core/Src/net.o
 .text.web_init
                0x000000000800f62c       0x5c ./Core/Src/net.o
                0x000000000800f62c                web_init
 .text.scmp     0x000000000800f688       0x44 ./Core/Src/packed_fs.o
 .text.mg_unlist
                0x000000000800f6cc       0x28 ./Core/Src/packed_fs.o
                0x000000000800f6cc                mg_unlist
 .text.mg_unpack
                0x000000000800f6f4       0x6c ./Core/Src/packed_fs.o
                0x000000000800f6f4                mg_unpack
 .text.HAL_MspInit
                0x000000000800f760       0x34 ./Core/Src/stm32h7xx_hal_msp.o
                0x000000000800f760                HAL_MspInit
 .text.HAL_ETH_MspInit
                0x000000000800f794      0x1ac ./Core/Src/stm32h7xx_hal_msp.o
                0x000000000800f794                HAL_ETH_MspInit
 .text.HAL_RNG_MspInit
                0x000000000800f940       0x74 ./Core/Src/stm32h7xx_hal_msp.o
                0x000000000800f940                HAL_RNG_MspInit
 .text.HAL_UART_MspInit
                0x000000000800f9b4       0xd4 ./Core/Src/stm32h7xx_hal_msp.o
                0x000000000800f9b4                HAL_UART_MspInit
 .text.NMI_Handler
                0x000000000800fa88        0x6 ./Core/Src/stm32h7xx_it.o
                0x000000000800fa88                NMI_Handler
 .text.HardFault_Handler
                0x000000000800fa8e        0x6 ./Core/Src/stm32h7xx_it.o
                0x000000000800fa8e                HardFault_Handler
 .text.MemManage_Handler
                0x000000000800fa94        0x6 ./Core/Src/stm32h7xx_it.o
                0x000000000800fa94                MemManage_Handler
 .text.BusFault_Handler
                0x000000000800fa9a        0x6 ./Core/Src/stm32h7xx_it.o
                0x000000000800fa9a                BusFault_Handler
 .text.UsageFault_Handler
                0x000000000800faa0        0x6 ./Core/Src/stm32h7xx_it.o
                0x000000000800faa0                UsageFault_Handler
 .text.SVC_Handler
                0x000000000800faa6        0xe ./Core/Src/stm32h7xx_it.o
                0x000000000800faa6                SVC_Handler
 .text.DebugMon_Handler
                0x000000000800fab4        0xe ./Core/Src/stm32h7xx_it.o
                0x000000000800fab4                DebugMon_Handler
 .text.PendSV_Handler
                0x000000000800fac2        0xe ./Core/Src/stm32h7xx_it.o
                0x000000000800fac2                PendSV_Handler
 .text.SysTick_Handler
                0x000000000800fad0        0xc ./Core/Src/stm32h7xx_it.o
                0x000000000800fad0                SysTick_Handler
 .text._getpid  0x000000000800fadc       0x10 ./Core/Src/syscalls.o
                0x000000000800fadc                _getpid
 .text._kill    0x000000000800faec       0x20 ./Core/Src/syscalls.o
                0x000000000800faec                _kill
 .text._exit    0x000000000800fb0c       0x14 ./Core/Src/syscalls.o
                0x000000000800fb0c                _exit
 .text._read    0x000000000800fb20       0x3a ./Core/Src/syscalls.o
                0x000000000800fb20                _read
 *fill*         0x000000000800fb5a        0x2 
 .text._write   0x000000000800fb5c       0x30 ./Core/Src/syscalls.o
                0x000000000800fb5c                _write
 .text._close   0x000000000800fb8c       0x18 ./Core/Src/syscalls.o
                0x000000000800fb8c                _close
 .text._fstat   0x000000000800fba4       0x20 ./Core/Src/syscalls.o
                0x000000000800fba4                _fstat
 .text._isatty  0x000000000800fbc4       0x16 ./Core/Src/syscalls.o
                0x000000000800fbc4                _isatty
 .text._lseek   0x000000000800fbda       0x1a ./Core/Src/syscalls.o
                0x000000000800fbda                _lseek
 .text._sbrk    0x000000000800fbf4       0x6c ./Core/Src/sysmem.o
                0x000000000800fbf4                _sbrk
 .text.SystemInit
                0x000000000800fc60       0xf0 ./Core/Src/system_stm32h7xx.o
                0x000000000800fc60                SystemInit
 .text.Reset_Handler
                0x000000000800fd50       0x50 ./Core/Startup/startup_stm32h723zgtx.o
                0x000000000800fd50                Reset_Handler
 .text.Default_Handler
                0x000000000800fda0        0x2 ./Core/Startup/startup_stm32h723zgtx.o
                0x000000000800fda0                RTC_Alarm_IRQHandler
                0x000000000800fda0                EXTI2_IRQHandler
                0x000000000800fda0                TIM8_CC_IRQHandler
                0x000000000800fda0                UART8_IRQHandler
                0x000000000800fda0                SPI4_IRQHandler
                0x000000000800fda0                FDCAN3_IT0_IRQHandler
                0x000000000800fda0                TIM1_CC_IRQHandler
                0x000000000800fda0                BDMA_Channel6_IRQHandler
                0x000000000800fda0                DMA2_Stream5_IRQHandler
                0x000000000800fda0                DMA1_Stream5_IRQHandler
                0x000000000800fda0                CORDIC_IRQHandler
                0x000000000800fda0                BDMA_Channel1_IRQHandler
                0x000000000800fda0                TAMP_STAMP_IRQHandler
                0x000000000800fda0                EXTI3_IRQHandler
                0x000000000800fda0                LPTIM4_IRQHandler
                0x000000000800fda0                TIM8_TRG_COM_TIM14_IRQHandler
                0x000000000800fda0                LPTIM2_IRQHandler
                0x000000000800fda0                DFSDM1_FLT1_IRQHandler
                0x000000000800fda0                DMAMUX2_OVR_IRQHandler
                0x000000000800fda0                TIM8_UP_TIM13_IRQHandler
                0x000000000800fda0                I2C3_ER_IRQHandler
                0x000000000800fda0                DFSDM1_FLT2_IRQHandler
                0x000000000800fda0                I2C5_EV_IRQHandler
                0x000000000800fda0                USART10_IRQHandler
                0x000000000800fda0                MDMA_IRQHandler
                0x000000000800fda0                LPTIM3_IRQHandler
                0x000000000800fda0                HSEM1_IRQHandler
                0x000000000800fda0                EXTI0_IRQHandler
                0x000000000800fda0                I2C2_EV_IRQHandler
                0x000000000800fda0                DMA1_Stream2_IRQHandler
                0x000000000800fda0                FPU_IRQHandler
                0x000000000800fda0                OTG_HS_WKUP_IRQHandler
                0x000000000800fda0                FDCAN1_IT1_IRQHandler
                0x000000000800fda0                LTDC_ER_IRQHandler
                0x000000000800fda0                DMA2_Stream2_IRQHandler
                0x000000000800fda0                SPI1_IRQHandler
                0x000000000800fda0                OCTOSPI1_IRQHandler
                0x000000000800fda0                TIM6_DAC_IRQHandler
                0x000000000800fda0                DMA2_Stream3_IRQHandler
                0x000000000800fda0                OCTOSPI2_IRQHandler
                0x000000000800fda0                DFSDM1_FLT3_IRQHandler
                0x000000000800fda0                TIM23_IRQHandler
                0x000000000800fda0                USART6_IRQHandler
                0x000000000800fda0                TIM17_IRQHandler
                0x000000000800fda0                USART3_IRQHandler
                0x000000000800fda0                BDMA_Channel7_IRQHandler
                0x000000000800fda0                LPTIM5_IRQHandler
                0x000000000800fda0                UART5_IRQHandler
                0x000000000800fda0                ADC3_IRQHandler
                0x000000000800fda0                DMA2_Stream0_IRQHandler
                0x000000000800fda0                TIM4_IRQHandler
                0x000000000800fda0                BDMA_Channel2_IRQHandler
                0x000000000800fda0                I2C1_EV_IRQHandler
                0x000000000800fda0                DMA1_Stream6_IRQHandler
                0x000000000800fda0                DMAMUX1_OVR_IRQHandler
                0x000000000800fda0                DMA1_Stream1_IRQHandler
                0x000000000800fda0                TIM16_IRQHandler
                0x000000000800fda0                UART4_IRQHandler
                0x000000000800fda0                BDMA_Channel5_IRQHandler
                0x000000000800fda0                TIM3_IRQHandler
                0x000000000800fda0                RCC_IRQHandler
                0x000000000800fda0                UART9_IRQHandler
                0x000000000800fda0                TIM8_BRK_TIM12_IRQHandler
                0x000000000800fda0                TIM1_TRG_COM_IRQHandler
                0x000000000800fda0                Default_Handler
                0x000000000800fda0                ECC_IRQHandler
                0x000000000800fda0                FMAC_IRQHandler
                0x000000000800fda0                CEC_IRQHandler
                0x000000000800fda0                EXTI15_10_IRQHandler
                0x000000000800fda0                BDMA_Channel0_IRQHandler
                0x000000000800fda0                ADC_IRQHandler
                0x000000000800fda0                I2C5_ER_IRQHandler
                0x000000000800fda0                DMA1_Stream7_IRQHandler
                0x000000000800fda0                SPI5_IRQHandler
                0x000000000800fda0                TIM7_IRQHandler
                0x000000000800fda0                FDCAN3_IT1_IRQHandler
                0x000000000800fda0                SDMMC1_IRQHandler
                0x000000000800fda0                TIM5_IRQHandler
                0x000000000800fda0                DMA2_Stream7_IRQHandler
                0x000000000800fda0                TIM15_IRQHandler
                0x000000000800fda0                PVD_AVD_IRQHandler
                0x000000000800fda0                I2C3_EV_IRQHandler
                0x000000000800fda0                EXTI9_5_IRQHandler
                0x000000000800fda0                RTC_WKUP_IRQHandler
                0x000000000800fda0                LTDC_IRQHandler
                0x000000000800fda0                ETH_WKUP_IRQHandler
                0x000000000800fda0                SPDIF_RX_IRQHandler
                0x000000000800fda0                SPI2_IRQHandler
                0x000000000800fda0                OTG_HS_EP1_IN_IRQHandler
                0x000000000800fda0                DMA1_Stream0_IRQHandler
                0x000000000800fda0                TIM24_IRQHandler
                0x000000000800fda0                CRS_IRQHandler
                0x000000000800fda0                EXTI4_IRQHandler
                0x000000000800fda0                RNG_IRQHandler
                0x000000000800fda0                FDCAN2_IT1_IRQHandler
                0x000000000800fda0                TIM1_UP_IRQHandler
                0x000000000800fda0                BDMA_Channel4_IRQHandler
                0x000000000800fda0                OTG_HS_EP1_OUT_IRQHandler
                0x000000000800fda0                WWDG_IRQHandler
                0x000000000800fda0                SPI6_IRQHandler
                0x000000000800fda0                MDIOS_IRQHandler
                0x000000000800fda0                I2C4_EV_IRQHandler
                0x000000000800fda0                FDCAN2_IT0_IRQHandler
                0x000000000800fda0                LPUART1_IRQHandler
                0x000000000800fda0                FDCAN1_IT0_IRQHandler
                0x000000000800fda0                TIM2_IRQHandler
                0x000000000800fda0                OTG_HS_IRQHandler
                0x000000000800fda0                DMA2D_IRQHandler
                0x000000000800fda0                TIM1_BRK_IRQHandler
                0x000000000800fda0                EXTI1_IRQHandler
                0x000000000800fda0                SDMMC2_IRQHandler
                0x000000000800fda0                BDMA_Channel3_IRQHandler
                0x000000000800fda0                DTS_IRQHandler
                0x000000000800fda0                UART7_IRQHandler
                0x000000000800fda0                MDIOS_WKUP_IRQHandler
                0x000000000800fda0                USART2_IRQHandler
                0x000000000800fda0                DFSDM1_FLT0_IRQHandler
                0x000000000800fda0                SAI4_IRQHandler
                0x000000000800fda0                I2C2_ER_IRQHandler
                0x000000000800fda0                DMA2_Stream1_IRQHandler
                0x000000000800fda0                FLASH_IRQHandler
                0x000000000800fda0                DMA2_Stream4_IRQHandler
                0x000000000800fda0                USART1_IRQHandler
                0x000000000800fda0                SPI3_IRQHandler
                0x000000000800fda0                WAKEUP_PIN_IRQHandler
                0x000000000800fda0                DMA1_Stream4_IRQHandler
                0x000000000800fda0                I2C1_ER_IRQHandler
                0x000000000800fda0                FMC_IRQHandler
                0x000000000800fda0                FDCAN_CAL_IRQHandler
                0x000000000800fda0                SWPMI1_IRQHandler
                0x000000000800fda0                COMP1_IRQHandler
                0x000000000800fda0                LPTIM1_IRQHandler
                0x000000000800fda0                DCMI_PSSI_IRQHandler
                0x000000000800fda0                I2C4_ER_IRQHandler
                0x000000000800fda0                DMA2_Stream6_IRQHandler
                0x000000000800fda0                SAI1_IRQHandler
                0x000000000800fda0                DMA1_Stream3_IRQHandler
 *fill*         0x000000000800fda2        0x2 
 .text.HAL_Init
                0x000000000800fda4       0x78 ./Drivers/STM32H7xx_HAL_Driver/Src/stm32h7xx_hal.o
                0x000000000800fda4                HAL_Init
 .text.HAL_InitTick
                0x000000000800fe1c       0x6c ./Drivers/STM32H7xx_HAL_Driver/Src/stm32h7xx_hal.o
                0x000000000800fe1c                HAL_InitTick
 .text.HAL_IncTick
                0x000000000800fe88       0x28 ./Drivers/STM32H7xx_HAL_Driver/Src/stm32h7xx_hal.o
                0x000000000800fe88                HAL_IncTick
 .text.HAL_GetTick
                0x000000000800feb0       0x18 ./Drivers/STM32H7xx_HAL_Driver/Src/stm32h7xx_hal.o
                0x000000000800feb0                HAL_GetTick
 .text.HAL_SYSCFG_ETHInterfaceSelect
                0x000000000800fec8       0x28 ./Drivers/STM32H7xx_HAL_Driver/Src/stm32h7xx_hal.o
                0x000000000800fec8                HAL_SYSCFG_ETHInterfaceSelect
 .text.__NVIC_SetPriorityGrouping
                0x000000000800fef0       0x48 ./Drivers/STM32H7xx_HAL_Driver/Src/stm32h7xx_hal_cortex.o
 .text.__NVIC_GetPriorityGrouping
                0x000000000800ff38       0x1c ./Drivers/STM32H7xx_HAL_Driver/Src/stm32h7xx_hal_cortex.o
 .text.__NVIC_EnableIRQ
                0x000000000800ff54       0x3c ./Drivers/STM32H7xx_HAL_Driver/Src/stm32h7xx_hal_cortex.o
 .text.__NVIC_SetPriority
                0x000000000800ff90       0x54 ./Drivers/STM32H7xx_HAL_Driver/Src/stm32h7xx_hal_cortex.o
 .text.NVIC_EncodePriority
                0x000000000800ffe4       0x66 ./Drivers/STM32H7xx_HAL_Driver/Src/stm32h7xx_hal_cortex.o
 *fill*         0x000000000801004a        0x2 
 .text.SysTick_Config
                0x000000000801004c       0x44 ./Drivers/STM32H7xx_HAL_Driver/Src/stm32h7xx_hal_cortex.o
 .text.HAL_NVIC_SetPriorityGrouping
                0x0000000008010090       0x16 ./Drivers/STM32H7xx_HAL_Driver/Src/stm32h7xx_hal_cortex.o
                0x0000000008010090                HAL_NVIC_SetPriorityGrouping
 .text.HAL_NVIC_SetPriority
                0x00000000080100a6       0x34 ./Drivers/STM32H7xx_HAL_Driver/Src/stm32h7xx_hal_cortex.o
                0x00000000080100a6                HAL_NVIC_SetPriority
 .text.HAL_NVIC_EnableIRQ
                0x00000000080100da       0x1c ./Drivers/STM32H7xx_HAL_Driver/Src/stm32h7xx_hal_cortex.o
                0x00000000080100da                HAL_NVIC_EnableIRQ
 .text.HAL_SYSTICK_Config
                0x00000000080100f6       0x18 ./Drivers/STM32H7xx_HAL_Driver/Src/stm32h7xx_hal_cortex.o
                0x00000000080100f6                HAL_SYSTICK_Config
 *fill*         0x000000000801010e        0x2 
 .text.HAL_ETH_Init
                0x0000000008010110      0x1cc ./Drivers/STM32H7xx_HAL_Driver/Src/stm32h7xx_hal_eth.o
                0x0000000008010110                HAL_ETH_Init
 .text.HAL_ETH_SetMDIOClockRange
                0x00000000080102dc       0xb0 ./Drivers/STM32H7xx_HAL_Driver/Src/stm32h7xx_hal_eth.o
                0x00000000080102dc                HAL_ETH_SetMDIOClockRange
 .text.ETH_SetMACConfig
                0x000000000801038c      0x238 ./Drivers/STM32H7xx_HAL_Driver/Src/stm32h7xx_hal_eth.o
 .text.ETH_SetDMAConfig
                0x00000000080105c4      0x10c ./Drivers/STM32H7xx_HAL_Driver/Src/stm32h7xx_hal_eth.o
 .text.ETH_MACDMAConfig
                0x00000000080106d0      0x13a ./Drivers/STM32H7xx_HAL_Driver/Src/stm32h7xx_hal_eth.o
 .text.ETH_DMATxDescListInit
                0x000000000801080a       0x92 ./Drivers/STM32H7xx_HAL_Driver/Src/stm32h7xx_hal_eth.o
 .text.ETH_DMARxDescListInit
                0x000000000801089c       0xba ./Drivers/STM32H7xx_HAL_Driver/Src/stm32h7xx_hal_eth.o
 *fill*         0x0000000008010956        0x2 
 .text.HAL_GPIO_Init
                0x0000000008010958      0x350 ./Drivers/STM32H7xx_HAL_Driver/Src/stm32h7xx_hal_gpio.o
                0x0000000008010958                HAL_GPIO_Init
 .text.HAL_GPIO_WritePin
                0x0000000008010ca8       0x32 ./Drivers/STM32H7xx_HAL_Driver/Src/stm32h7xx_hal_gpio.o
                0x0000000008010ca8                HAL_GPIO_WritePin
 .text.HAL_GPIO_TogglePin
                0x0000000008010cda       0x34 ./Drivers/STM32H7xx_HAL_Driver/Src/stm32h7xx_hal_gpio.o
                0x0000000008010cda                HAL_GPIO_TogglePin
 *fill*         0x0000000008010d0e        0x2 
 .text.HAL_PWREx_ConfigSupply
                0x0000000008010d10       0x74 ./Drivers/STM32H7xx_HAL_Driver/Src/stm32h7xx_hal_pwr_ex.o
                0x0000000008010d10                HAL_PWREx_ConfigSupply
 .text.HAL_RCC_OscConfig
                0x0000000008010d84      0x7b4 ./Drivers/STM32H7xx_HAL_Driver/Src/stm32h7xx_hal_rcc.o
                0x0000000008010d84                HAL_RCC_OscConfig
 .text.HAL_RCC_ClockConfig
                0x0000000008011538      0x36c ./Drivers/STM32H7xx_HAL_Driver/Src/stm32h7xx_hal_rcc.o
                0x0000000008011538                HAL_RCC_ClockConfig
 .text.HAL_RCC_GetSysClockFreq
                0x00000000080118a4      0x2f4 ./Drivers/STM32H7xx_HAL_Driver/Src/stm32h7xx_hal_rcc.o
                0x00000000080118a4                HAL_RCC_GetSysClockFreq
 .text.HAL_RCC_GetHCLKFreq
                0x0000000008011b98       0x60 ./Drivers/STM32H7xx_HAL_Driver/Src/stm32h7xx_hal_rcc.o
                0x0000000008011b98                HAL_RCC_GetHCLKFreq
 .text.HAL_RCC_GetPCLK1Freq
                0x0000000008011bf8       0x2c ./Drivers/STM32H7xx_HAL_Driver/Src/stm32h7xx_hal_rcc.o
                0x0000000008011bf8                HAL_RCC_GetPCLK1Freq
 .text.HAL_RCC_GetPCLK2Freq
                0x0000000008011c24       0x2c ./Drivers/STM32H7xx_HAL_Driver/Src/stm32h7xx_hal_rcc.o
                0x0000000008011c24                HAL_RCC_GetPCLK2Freq
 .text.HAL_RCCEx_PeriphCLKConfig
                0x0000000008011c50     0x1340 ./Drivers/STM32H7xx_HAL_Driver/Src/stm32h7xx_hal_rcc_ex.o
                0x0000000008011c50                HAL_RCCEx_PeriphCLKConfig
 .text.HAL_RCCEx_GetD3PCLK1Freq
                0x0000000008012f90       0x2c ./Drivers/STM32H7xx_HAL_Driver/Src/stm32h7xx_hal_rcc_ex.o
                0x0000000008012f90                HAL_RCCEx_GetD3PCLK1Freq
 .text.HAL_RCCEx_GetPLL2ClockFreq
                0x0000000008012fbc      0x2a8 ./Drivers/STM32H7xx_HAL_Driver/Src/stm32h7xx_hal_rcc_ex.o
                0x0000000008012fbc                HAL_RCCEx_GetPLL2ClockFreq
 .text.HAL_RCCEx_GetPLL3ClockFreq
                0x0000000008013264      0x2a8 ./Drivers/STM32H7xx_HAL_Driver/Src/stm32h7xx_hal_rcc_ex.o
                0x0000000008013264                HAL_RCCEx_GetPLL3ClockFreq
 .text.RCCEx_PLL2_Config
                0x000000000801350c      0x164 ./Drivers/STM32H7xx_HAL_Driver/Src/stm32h7xx_hal_rcc_ex.o
 .text.RCCEx_PLL3_Config
                0x0000000008013670      0x164 ./Drivers/STM32H7xx_HAL_Driver/Src/stm32h7xx_hal_rcc_ex.o
 .text.HAL_RNG_Init
                0x00000000080137d4      0x148 ./Drivers/STM32H7xx_HAL_Driver/Src/stm32h7xx_hal_rng.o
                0x00000000080137d4                HAL_RNG_Init
 .text.HAL_RNG_GenerateRandomNumber
                0x000000000801391c       0xfe ./Drivers/STM32H7xx_HAL_Driver/Src/stm32h7xx_hal_rng.o
                0x000000000801391c                HAL_RNG_GenerateRandomNumber
 .text.HAL_RNG_ErrorCallback
                0x0000000008013a1a       0x14 ./Drivers/STM32H7xx_HAL_Driver/Src/stm32h7xx_hal_rng.o
                0x0000000008013a1a                HAL_RNG_ErrorCallback
 .text.RNG_RecoverSeedError
                0x0000000008013a2e      0x102 ./Drivers/STM32H7xx_HAL_Driver/Src/stm32h7xx_hal_rng.o
                0x0000000008013a2e                RNG_RecoverSeedError
 .text.HAL_UART_Init
                0x0000000008013b30       0xa0 ./Drivers/STM32H7xx_HAL_Driver/Src/stm32h7xx_hal_uart.o
                0x0000000008013b30                HAL_UART_Init
 .text.HAL_UART_Transmit
                0x0000000008013bd0      0x11c ./Drivers/STM32H7xx_HAL_Driver/Src/stm32h7xx_hal_uart.o
                0x0000000008013bd0                HAL_UART_Transmit
 .text.UART_SetConfig
                0x0000000008013cec      0xcd8 ./Drivers/STM32H7xx_HAL_Driver/Src/stm32h7xx_hal_uart.o
                0x0000000008013cec                UART_SetConfig
 .text.UART_AdvFeatureConfig
                0x00000000080149c4      0x144 ./Drivers/STM32H7xx_HAL_Driver/Src/stm32h7xx_hal_uart.o
                0x00000000080149c4                UART_AdvFeatureConfig
 .text.UART_CheckIdleState
                0x0000000008014b08      0x154 ./Drivers/STM32H7xx_HAL_Driver/Src/stm32h7xx_hal_uart.o
                0x0000000008014b08                UART_CheckIdleState
 .text.UART_WaitOnFlagUntilTimeout
                0x0000000008014c5c       0xce ./Drivers/STM32H7xx_HAL_Driver/Src/stm32h7xx_hal_uart.o
                0x0000000008014c5c                UART_WaitOnFlagUntilTimeout
 *fill*         0x0000000008014d2a        0x2 
 .text.UART_EndRxTransfer
                0x0000000008014d2c       0xcc ./Drivers/STM32H7xx_HAL_Driver/Src/stm32h7xx_hal_uart.o
 .text.HAL_UARTEx_DisableFifoMode
                0x0000000008014df8       0x72 ./Drivers/STM32H7xx_HAL_Driver/Src/stm32h7xx_hal_uart_ex.o
                0x0000000008014df8                HAL_UARTEx_DisableFifoMode
 .text.HAL_UARTEx_SetTxFifoThreshold
                0x0000000008014e6a       0x7c ./Drivers/STM32H7xx_HAL_Driver/Src/stm32h7xx_hal_uart_ex.o
                0x0000000008014e6a                HAL_UARTEx_SetTxFifoThreshold
 .text.HAL_UARTEx_SetRxFifoThreshold
                0x0000000008014ee6       0x7c ./Drivers/STM32H7xx_HAL_Driver/Src/stm32h7xx_hal_uart_ex.o
                0x0000000008014ee6                HAL_UARTEx_SetRxFifoThreshold
 *fill*         0x0000000008014f62        0x2 
 .text.UARTEx_SetNbDataToProcess
                0x0000000008014f64       0x9c ./Drivers/STM32H7xx_HAL_Driver/Src/stm32h7xx_hal_uart_ex.o
 .text.__assert_func
                0x0000000008015000       0x3c C:/ST/STM32CubeIDE_1.13.1/STM32CubeIDE/plugins/com.st.stm32cube.ide.mcu.externaltools.gnu-tools-for-stm32.11.3.rel1.win32_1.1.0.202305231506/tools/bin/../lib/gcc/arm-none-eabi/11.3.1/../../../../arm-none-eabi/lib/thumb/v7e-m+dp/hard\libc_nano.a(libc_a-assert.o)
                0x0000000008015000                __assert_func
 .text.atoi     0x000000000801503c        0x8 C:/ST/STM32CubeIDE_1.13.1/STM32CubeIDE/plugins/com.st.stm32cube.ide.mcu.externaltools.gnu-tools-for-stm32.11.3.rel1.win32_1.1.0.202305231506/tools/bin/../lib/gcc/arm-none-eabi/11.3.1/../../../../arm-none-eabi/lib/thumb/v7e-m+dp/hard\libc_nano.a(libc_a-atoi.o)
                0x000000000801503c                atoi
 .text.calloc   0x0000000008015044       0x10 C:/ST/STM32CubeIDE_1.13.1/STM32CubeIDE/plugins/com.st.stm32cube.ide.mcu.externaltools.gnu-tools-for-stm32.11.3.rel1.win32_1.1.0.202305231506/tools/bin/../lib/gcc/arm-none-eabi/11.3.1/../../../../arm-none-eabi/lib/thumb/v7e-m+dp/hard\libc_nano.a(libc_a-calloc.o)
                0x0000000008015044                calloc
 .text._calloc_r
                0x0000000008015054       0x2c C:/ST/STM32CubeIDE_1.13.1/STM32CubeIDE/plugins/com.st.stm32cube.ide.mcu.externaltools.gnu-tools-for-stm32.11.3.rel1.win32_1.1.0.202305231506/tools/bin/../lib/gcc/arm-none-eabi/11.3.1/../../../../arm-none-eabi/lib/thumb/v7e-m+dp/hard\libc_nano.a(libc_a-callocr.o)
                0x0000000008015054                _calloc_r
 .text.malloc   0x0000000008015080       0x10 C:/ST/STM32CubeIDE_1.13.1/STM32CubeIDE/plugins/com.st.stm32cube.ide.mcu.externaltools.gnu-tools-for-stm32.11.3.rel1.win32_1.1.0.202305231506/tools/bin/../lib/gcc/arm-none-eabi/11.3.1/../../../../arm-none-eabi/lib/thumb/v7e-m+dp/hard\libc_nano.a(libc_a-malloc.o)
                0x0000000008015080                malloc
 .text.free     0x0000000008015090       0x10 C:/ST/STM32CubeIDE_1.13.1/STM32CubeIDE/plugins/com.st.stm32cube.ide.mcu.externaltools.gnu-tools-for-stm32.11.3.rel1.win32_1.1.0.202305231506/tools/bin/../lib/gcc/arm-none-eabi/11.3.1/../../../../arm-none-eabi/lib/thumb/v7e-m+dp/hard\libc_nano.a(libc_a-malloc.o)
                0x0000000008015090                free
 .text.sbrk_aligned
                0x00000000080150a0       0x40 C:/ST/STM32CubeIDE_1.13.1/STM32CubeIDE/plugins/com.st.stm32cube.ide.mcu.externaltools.gnu-tools-for-stm32.11.3.rel1.win32_1.1.0.202305231506/tools/bin/../lib/gcc/arm-none-eabi/11.3.1/../../../../arm-none-eabi/lib/thumb/v7e-m+dp/hard\libc_nano.a(libc_a-mallocr.o)
 .text._malloc_r
                0x00000000080150e0      0x100 C:/ST/STM32CubeIDE_1.13.1/STM32CubeIDE/plugins/com.st.stm32cube.ide.mcu.externaltools.gnu-tools-for-stm32.11.3.rel1.win32_1.1.0.202305231506/tools/bin/../lib/gcc/arm-none-eabi/11.3.1/../../../../arm-none-eabi/lib/thumb/v7e-m+dp/hard\libc_nano.a(libc_a-mallocr.o)
                0x00000000080150e0                _malloc_r
 .text.__malloc_lock
                0x00000000080151e0        0xc C:/ST/STM32CubeIDE_1.13.1/STM32CubeIDE/plugins/com.st.stm32cube.ide.mcu.externaltools.gnu-tools-for-stm32.11.3.rel1.win32_1.1.0.202305231506/tools/bin/../lib/gcc/arm-none-eabi/11.3.1/../../../../arm-none-eabi/lib/thumb/v7e-m+dp/hard\libc_nano.a(libc_a-mlock.o)
                0x00000000080151e0                __malloc_lock
 .text.__malloc_unlock
                0x00000000080151ec        0xc C:/ST/STM32CubeIDE_1.13.1/STM32CubeIDE/plugins/com.st.stm32cube.ide.mcu.externaltools.gnu-tools-for-stm32.11.3.rel1.win32_1.1.0.202305231506/tools/bin/../lib/gcc/arm-none-eabi/11.3.1/../../../../arm-none-eabi/lib/thumb/v7e-m+dp/hard\libc_nano.a(libc_a-mlock.o)
                0x00000000080151ec                __malloc_unlock
 .text.srand    0x00000000080151f8       0x5c C:/ST/STM32CubeIDE_1.13.1/STM32CubeIDE/plugins/com.st.stm32cube.ide.mcu.externaltools.gnu-tools-for-stm32.11.3.rel1.win32_1.1.0.202305231506/tools/bin/../lib/gcc/arm-none-eabi/11.3.1/../../../../arm-none-eabi/lib/thumb/v7e-m+dp/hard\libc_nano.a(libc_a-rand.o)
                0x00000000080151f8                srand
 .text.rand     0x0000000008015254       0x7c C:/ST/STM32CubeIDE_1.13.1/STM32CubeIDE/plugins/com.st.stm32cube.ide.mcu.externaltools.gnu-tools-for-stm32.11.3.rel1.win32_1.1.0.202305231506/tools/bin/../lib/gcc/arm-none-eabi/11.3.1/../../../../arm-none-eabi/lib/thumb/v7e-m+dp/hard\libc_nano.a(libc_a-rand.o)
                0x0000000008015254                rand
 .text._strtol_l.constprop.0
                0x00000000080152d0      0x104 C:/ST/STM32CubeIDE_1.13.1/STM32CubeIDE/plugins/com.st.stm32cube.ide.mcu.externaltools.gnu-tools-for-stm32.11.3.rel1.win32_1.1.0.202305231506/tools/bin/../lib/gcc/arm-none-eabi/11.3.1/../../../../arm-none-eabi/lib/thumb/v7e-m+dp/hard\libc_nano.a(libc_a-strtol.o)
 .text.strtol   0x00000000080153d4       0x14 C:/ST/STM32CubeIDE_1.13.1/STM32CubeIDE/plugins/com.st.stm32cube.ide.mcu.externaltools.gnu-tools-for-stm32.11.3.rel1.win32_1.1.0.202305231506/tools/bin/../lib/gcc/arm-none-eabi/11.3.1/../../../../arm-none-eabi/lib/thumb/v7e-m+dp/hard\libc_nano.a(libc_a-strtol.o)
                0x00000000080153d4                strtol
 .text.std      0x00000000080153e8       0x48 C:/ST/STM32CubeIDE_1.13.1/STM32CubeIDE/plugins/com.st.stm32cube.ide.mcu.externaltools.gnu-tools-for-stm32.11.3.rel1.win32_1.1.0.202305231506/tools/bin/../lib/gcc/arm-none-eabi/11.3.1/../../../../arm-none-eabi/lib/thumb/v7e-m+dp/hard\libc_nano.a(libc_a-findfp.o)
 .text.stdio_exit_handler
                0x0000000008015430       0x18 C:/ST/STM32CubeIDE_1.13.1/STM32CubeIDE/plugins/com.st.stm32cube.ide.mcu.externaltools.gnu-tools-for-stm32.11.3.rel1.win32_1.1.0.202305231506/tools/bin/../lib/gcc/arm-none-eabi/11.3.1/../../../../arm-none-eabi/lib/thumb/v7e-m+dp/hard\libc_nano.a(libc_a-findfp.o)
 .text.cleanup_stdio
                0x0000000008015448       0x40 C:/ST/STM32CubeIDE_1.13.1/STM32CubeIDE/plugins/com.st.stm32cube.ide.mcu.externaltools.gnu-tools-for-stm32.11.3.rel1.win32_1.1.0.202305231506/tools/bin/../lib/gcc/arm-none-eabi/11.3.1/../../../../arm-none-eabi/lib/thumb/v7e-m+dp/hard\libc_nano.a(libc_a-findfp.o)
 .text.global_stdio_init.part.0
                0x0000000008015488       0x3c C:/ST/STM32CubeIDE_1.13.1/STM32CubeIDE/plugins/com.st.stm32cube.ide.mcu.externaltools.gnu-tools-for-stm32.11.3.rel1.win32_1.1.0.202305231506/tools/bin/../lib/gcc/arm-none-eabi/11.3.1/../../../../arm-none-eabi/lib/thumb/v7e-m+dp/hard\libc_nano.a(libc_a-findfp.o)
 .text.__sfp_lock_acquire
                0x00000000080154c4        0xc C:/ST/STM32CubeIDE_1.13.1/STM32CubeIDE/plugins/com.st.stm32cube.ide.mcu.externaltools.gnu-tools-for-stm32.11.3.rel1.win32_1.1.0.202305231506/tools/bin/../lib/gcc/arm-none-eabi/11.3.1/../../../../arm-none-eabi/lib/thumb/v7e-m+dp/hard\libc_nano.a(libc_a-findfp.o)
                0x00000000080154c4                __sfp_lock_acquire
 .text.__sfp_lock_release
                0x00000000080154d0        0xc C:/ST/STM32CubeIDE_1.13.1/STM32CubeIDE/plugins/com.st.stm32cube.ide.mcu.externaltools.gnu-tools-for-stm32.11.3.rel1.win32_1.1.0.202305231506/tools/bin/../lib/gcc/arm-none-eabi/11.3.1/../../../../arm-none-eabi/lib/thumb/v7e-m+dp/hard\libc_nano.a(libc_a-findfp.o)
                0x00000000080154d0                __sfp_lock_release
 .text.__sinit  0x00000000080154dc       0x30 C:/ST/STM32CubeIDE_1.13.1/STM32CubeIDE/plugins/com.st.stm32cube.ide.mcu.externaltools.gnu-tools-for-stm32.11.3.rel1.win32_1.1.0.202305231506/tools/bin/../lib/gcc/arm-none-eabi/11.3.1/../../../../arm-none-eabi/lib/thumb/v7e-m+dp/hard\libc_nano.a(libc_a-findfp.o)
                0x00000000080154dc                __sinit
 .text.fprintf  0x000000000801550c       0x24 C:/ST/STM32CubeIDE_1.13.1/STM32CubeIDE/plugins/com.st.stm32cube.ide.mcu.externaltools.gnu-tools-for-stm32.11.3.rel1.win32_1.1.0.202305231506/tools/bin/../lib/gcc/arm-none-eabi/11.3.1/../../../../arm-none-eabi/lib/thumb/v7e-m+dp/hard\libc_nano.a(libc_a-fprintf.o)
                0x000000000801550c                fiprintf
                0x000000000801550c                fprintf
 .text._fwalk_sglue
                0x0000000008015530       0x3c C:/ST/STM32CubeIDE_1.13.1/STM32CubeIDE/plugins/com.st.stm32cube.ide.mcu.externaltools.gnu-tools-for-stm32.11.3.rel1.win32_1.1.0.202305231506/tools/bin/../lib/gcc/arm-none-eabi/11.3.1/../../../../arm-none-eabi/lib/thumb/v7e-m+dp/hard\libc_nano.a(libc_a-fwalk.o)
                0x0000000008015530                _fwalk_sglue
 .text.putchar  0x000000000801556c       0x10 C:/ST/STM32CubeIDE_1.13.1/STM32CubeIDE/plugins/com.st.stm32cube.ide.mcu.externaltools.gnu-tools-for-stm32.11.3.rel1.win32_1.1.0.202305231506/tools/bin/../lib/gcc/arm-none-eabi/11.3.1/../../../../arm-none-eabi/lib/thumb/v7e-m+dp/hard\libc_nano.a(libc_a-putchar.o)
                0x000000000801556c                putchar
 .text.__sread  0x000000000801557c       0x22 C:/ST/STM32CubeIDE_1.13.1/STM32CubeIDE/plugins/com.st.stm32cube.ide.mcu.externaltools.gnu-tools-for-stm32.11.3.rel1.win32_1.1.0.202305231506/tools/bin/../lib/gcc/arm-none-eabi/11.3.1/../../../../arm-none-eabi/lib/thumb/v7e-m+dp/hard\libc_nano.a(libc_a-stdio.o)
                0x000000000801557c                __sread
 .text.__swrite
                0x000000000801559e       0x38 C:/ST/STM32CubeIDE_1.13.1/STM32CubeIDE/plugins/com.st.stm32cube.ide.mcu.externaltools.gnu-tools-for-stm32.11.3.rel1.win32_1.1.0.202305231506/tools/bin/../lib/gcc/arm-none-eabi/11.3.1/../../../../arm-none-eabi/lib/thumb/v7e-m+dp/hard\libc_nano.a(libc_a-stdio.o)
                0x000000000801559e                __swrite
 .text.__sseek  0x00000000080155d6       0x24 C:/ST/STM32CubeIDE_1.13.1/STM32CubeIDE/plugins/com.st.stm32cube.ide.mcu.externaltools.gnu-tools-for-stm32.11.3.rel1.win32_1.1.0.202305231506/tools/bin/../lib/gcc/arm-none-eabi/11.3.1/../../../../arm-none-eabi/lib/thumb/v7e-m+dp/hard\libc_nano.a(libc_a-stdio.o)
                0x00000000080155d6                __sseek
 .text.__sclose
                0x00000000080155fa        0x8 C:/ST/STM32CubeIDE_1.13.1/STM32CubeIDE/plugins/com.st.stm32cube.ide.mcu.externaltools.gnu-tools-for-stm32.11.3.rel1.win32_1.1.0.202305231506/tools/bin/../lib/gcc/arm-none-eabi/11.3.1/../../../../arm-none-eabi/lib/thumb/v7e-m+dp/hard\libc_nano.a(libc_a-stdio.o)
                0x00000000080155fa                __sclose
 .text.memcmp   0x0000000008015602       0x20 C:/ST/STM32CubeIDE_1.13.1/STM32CubeIDE/plugins/com.st.stm32cube.ide.mcu.externaltools.gnu-tools-for-stm32.11.3.rel1.win32_1.1.0.202305231506/tools/bin/../lib/gcc/arm-none-eabi/11.3.1/../../../../arm-none-eabi/lib/thumb/v7e-m+dp/hard\libc_nano.a(libc_a-memcmp.o)
                0x0000000008015602                memcmp
 .text.memmove  0x0000000008015622       0x34 C:/ST/STM32CubeIDE_1.13.1/STM32CubeIDE/plugins/com.st.stm32cube.ide.mcu.externaltools.gnu-tools-for-stm32.11.3.rel1.win32_1.1.0.202305231506/tools/bin/../lib/gcc/arm-none-eabi/11.3.1/../../../../arm-none-eabi/lib/thumb/v7e-m+dp/hard\libc_nano.a(libc_a-memmove.o)
                0x0000000008015622                memmove
 .text.memset   0x0000000008015656       0x10 C:/ST/STM32CubeIDE_1.13.1/STM32CubeIDE/plugins/com.st.stm32cube.ide.mcu.externaltools.gnu-tools-for-stm32.11.3.rel1.win32_1.1.0.202305231506/tools/bin/../lib/gcc/arm-none-eabi/11.3.1/../../../../arm-none-eabi/lib/thumb/v7e-m+dp/hard\libc_nano.a(libc_a-memset.o)
                0x0000000008015656                memset
 .text.strchr   0x0000000008015666       0x1a C:/ST/STM32CubeIDE_1.13.1/STM32CubeIDE/plugins/com.st.stm32cube.ide.mcu.externaltools.gnu-tools-for-stm32.11.3.rel1.win32_1.1.0.202305231506/tools/bin/../lib/gcc/arm-none-eabi/11.3.1/../../../../arm-none-eabi/lib/thumb/v7e-m+dp/hard\libc_nano.a(libc_a-strchr.o)
                0x0000000008015666                strchr
 .text.strdup   0x0000000008015680       0x10 C:/ST/STM32CubeIDE_1.13.1/STM32CubeIDE/plugins/com.st.stm32cube.ide.mcu.externaltools.gnu-tools-for-stm32.11.3.rel1.win32_1.1.0.202305231506/tools/bin/../lib/gcc/arm-none-eabi/11.3.1/../../../../arm-none-eabi/lib/thumb/v7e-m+dp/hard\libc_nano.a(libc_a-strdup.o)
                0x0000000008015680                strdup
 .text._strdup_r
                0x0000000008015690       0x2a C:/ST/STM32CubeIDE_1.13.1/STM32CubeIDE/plugins/com.st.stm32cube.ide.mcu.externaltools.gnu-tools-for-stm32.11.3.rel1.win32_1.1.0.202305231506/tools/bin/../lib/gcc/arm-none-eabi/11.3.1/../../../../arm-none-eabi/lib/thumb/v7e-m+dp/hard\libc_nano.a(libc_a-strdup_r.o)
                0x0000000008015690                _strdup_r
 .text.strncmp  0x00000000080156ba       0x24 C:/ST/STM32CubeIDE_1.13.1/STM32CubeIDE/plugins/com.st.stm32cube.ide.mcu.externaltools.gnu-tools-for-stm32.11.3.rel1.win32_1.1.0.202305231506/tools/bin/../lib/gcc/arm-none-eabi/11.3.1/../../../../arm-none-eabi/lib/thumb/v7e-m+dp/hard\libc_nano.a(libc_a-strncmp.o)
                0x00000000080156ba                strncmp
 .text.strrchr  0x00000000080156de       0x30 C:/ST/STM32CubeIDE_1.13.1/STM32CubeIDE/plugins/com.st.stm32cube.ide.mcu.externaltools.gnu-tools-for-stm32.11.3.rel1.win32_1.1.0.202305231506/tools/bin/../lib/gcc/arm-none-eabi/11.3.1/../../../../arm-none-eabi/lib/thumb/v7e-m+dp/hard\libc_nano.a(libc_a-strrchr.o)
                0x00000000080156de                strrchr
 *fill*         0x000000000801570e        0x2 
 .text._close_r
                0x0000000008015710       0x20 C:/ST/STM32CubeIDE_1.13.1/STM32CubeIDE/plugins/com.st.stm32cube.ide.mcu.externaltools.gnu-tools-for-stm32.11.3.rel1.win32_1.1.0.202305231506/tools/bin/../lib/gcc/arm-none-eabi/11.3.1/../../../../arm-none-eabi/lib/thumb/v7e-m+dp/hard\libc_nano.a(libc_a-closer.o)
                0x0000000008015710                _close_r
 .text._lseek_r
                0x0000000008015730       0x24 C:/ST/STM32CubeIDE_1.13.1/STM32CubeIDE/plugins/com.st.stm32cube.ide.mcu.externaltools.gnu-tools-for-stm32.11.3.rel1.win32_1.1.0.202305231506/tools/bin/../lib/gcc/arm-none-eabi/11.3.1/../../../../arm-none-eabi/lib/thumb/v7e-m+dp/hard\libc_nano.a(libc_a-lseekr.o)
                0x0000000008015730                _lseek_r
 .text._read_r  0x0000000008015754       0x24 C:/ST/STM32CubeIDE_1.13.1/STM32CubeIDE/plugins/com.st.stm32cube.ide.mcu.externaltools.gnu-tools-for-stm32.11.3.rel1.win32_1.1.0.202305231506/tools/bin/../lib/gcc/arm-none-eabi/11.3.1/../../../../arm-none-eabi/lib/thumb/v7e-m+dp/hard\libc_nano.a(libc_a-readr.o)
                0x0000000008015754                _read_r
 .text._sbrk_r  0x0000000008015778       0x20 C:/ST/STM32CubeIDE_1.13.1/STM32CubeIDE/plugins/com.st.stm32cube.ide.mcu.externaltools.gnu-tools-for-stm32.11.3.rel1.win32_1.1.0.202305231506/tools/bin/../lib/gcc/arm-none-eabi/11.3.1/../../../../arm-none-eabi/lib/thumb/v7e-m+dp/hard\libc_nano.a(libc_a-sbrkr.o)
                0x0000000008015778                _sbrk_r
 .text._write_r
                0x0000000008015798       0x24 C:/ST/STM32CubeIDE_1.13.1/STM32CubeIDE/plugins/com.st.stm32cube.ide.mcu.externaltools.gnu-tools-for-stm32.11.3.rel1.win32_1.1.0.202305231506/tools/bin/../lib/gcc/arm-none-eabi/11.3.1/../../../../arm-none-eabi/lib/thumb/v7e-m+dp/hard\libc_nano.a(libc_a-writer.o)
                0x0000000008015798                _write_r
 .text.__errno  0x00000000080157bc        0xc C:/ST/STM32CubeIDE_1.13.1/STM32CubeIDE/plugins/com.st.stm32cube.ide.mcu.externaltools.gnu-tools-for-stm32.11.3.rel1.win32_1.1.0.202305231506/tools/bin/../lib/gcc/arm-none-eabi/11.3.1/../../../../arm-none-eabi/lib/thumb/v7e-m+dp/hard\libc_nano.a(libc_a-errno.o)
                0x00000000080157bc                __errno
 .text.__libc_init_array
                0x00000000080157c8       0x48 C:/ST/STM32CubeIDE_1.13.1/STM32CubeIDE/plugins/com.st.stm32cube.ide.mcu.externaltools.gnu-tools-for-stm32.11.3.rel1.win32_1.1.0.202305231506/tools/bin/../lib/gcc/arm-none-eabi/11.3.1/../../../../arm-none-eabi/lib/thumb/v7e-m+dp/hard\libc_nano.a(libc_a-init.o)
                0x00000000080157c8                __libc_init_array
 .text.__retarget_lock_acquire_recursive
                0x0000000008015810        0x2 C:/ST/STM32CubeIDE_1.13.1/STM32CubeIDE/plugins/com.st.stm32cube.ide.mcu.externaltools.gnu-tools-for-stm32.11.3.rel1.win32_1.1.0.202305231506/tools/bin/../lib/gcc/arm-none-eabi/11.3.1/../../../../arm-none-eabi/lib/thumb/v7e-m+dp/hard\libc_nano.a(libc_a-lock.o)
                0x0000000008015810                __retarget_lock_acquire_recursive
 .text.__retarget_lock_release_recursive
                0x0000000008015812        0x2 C:/ST/STM32CubeIDE_1.13.1/STM32CubeIDE/plugins/com.st.stm32cube.ide.mcu.externaltools.gnu-tools-for-stm32.11.3.rel1.win32_1.1.0.202305231506/tools/bin/../lib/gcc/arm-none-eabi/11.3.1/../../../../arm-none-eabi/lib/thumb/v7e-m+dp/hard\libc_nano.a(libc_a-lock.o)
                0x0000000008015812                __retarget_lock_release_recursive
 .text.strcpy   0x0000000008015814       0x10 C:/ST/STM32CubeIDE_1.13.1/STM32CubeIDE/plugins/com.st.stm32cube.ide.mcu.externaltools.gnu-tools-for-stm32.11.3.rel1.win32_1.1.0.202305231506/tools/bin/../lib/gcc/arm-none-eabi/11.3.1/../../../../arm-none-eabi/lib/thumb/v7e-m+dp/hard\libc_nano.a(libc_a-strcpy.o)
                0x0000000008015814                strcpy
 .text.memcpy   0x0000000008015824       0x1c C:/ST/STM32CubeIDE_1.13.1/STM32CubeIDE/plugins/com.st.stm32cube.ide.mcu.externaltools.gnu-tools-for-stm32.11.3.rel1.win32_1.1.0.202305231506/tools/bin/../lib/gcc/arm-none-eabi/11.3.1/../../../../arm-none-eabi/lib/thumb/v7e-m+dp/hard\libc_nano.a(libc_a-memcpy-stub.o)
                0x0000000008015824                memcpy
 .text.abort    0x0000000008015840        0xe C:/ST/STM32CubeIDE_1.13.1/STM32CubeIDE/plugins/com.st.stm32cube.ide.mcu.externaltools.gnu-tools-for-stm32.11.3.rel1.win32_1.1.0.202305231506/tools/bin/../lib/gcc/arm-none-eabi/11.3.1/../../../../arm-none-eabi/lib/thumb/v7e-m+dp/hard\libc_nano.a(libc_a-abort.o)
                0x0000000008015840                abort
 *fill*         0x000000000801584e        0x2 
 .text._free_r  0x0000000008015850       0x98 C:/ST/STM32CubeIDE_1.13.1/STM32CubeIDE/plugins/com.st.stm32cube.ide.mcu.externaltools.gnu-tools-for-stm32.11.3.rel1.win32_1.1.0.202305231506/tools/bin/../lib/gcc/arm-none-eabi/11.3.1/../../../../arm-none-eabi/lib/thumb/v7e-m+dp/hard\libc_nano.a(libc_a-freer.o)
                0x0000000008015850                _free_r
 .text.__sfputc_r
                0x00000000080158e8       0x2e C:/ST/STM32CubeIDE_1.13.1/STM32CubeIDE/plugins/com.st.stm32cube.ide.mcu.externaltools.gnu-tools-for-stm32.11.3.rel1.win32_1.1.0.202305231506/tools/bin/../lib/gcc/arm-none-eabi/11.3.1/../../../../arm-none-eabi/lib/thumb/v7e-m+dp/hard\libc_nano.a(libc_a-nano-vfprintf.o)
 .text.__sfputs_r
                0x0000000008015916       0x24 C:/ST/STM32CubeIDE_1.13.1/STM32CubeIDE/plugins/com.st.stm32cube.ide.mcu.externaltools.gnu-tools-for-stm32.11.3.rel1.win32_1.1.0.202305231506/tools/bin/../lib/gcc/arm-none-eabi/11.3.1/../../../../arm-none-eabi/lib/thumb/v7e-m+dp/hard\libc_nano.a(libc_a-nano-vfprintf.o)
                0x0000000008015916                __sfputs_r
 *fill*         0x000000000801593a        0x2 
 .text._vfprintf_r
                0x000000000801593c      0x234 C:/ST/STM32CubeIDE_1.13.1/STM32CubeIDE/plugins/com.st.stm32cube.ide.mcu.externaltools.gnu-tools-for-stm32.11.3.rel1.win32_1.1.0.202305231506/tools/bin/../lib/gcc/arm-none-eabi/11.3.1/../../../../arm-none-eabi/lib/thumb/v7e-m+dp/hard\libc_nano.a(libc_a-nano-vfprintf.o)
                0x000000000801593c                _vfprintf_r
                0x000000000801593c                _vfiprintf_r
 .text._printf_common
                0x0000000008015b70       0xda C:/ST/STM32CubeIDE_1.13.1/STM32CubeIDE/plugins/com.st.stm32cube.ide.mcu.externaltools.gnu-tools-for-stm32.11.3.rel1.win32_1.1.0.202305231506/tools/bin/../lib/gcc/arm-none-eabi/11.3.1/../../../../arm-none-eabi/lib/thumb/v7e-m+dp/hard\libc_nano.a(libc_a-nano-vfprintf_i.o)
                0x0000000008015b70                _printf_common
 *fill*         0x0000000008015c4a        0x2 
 .text._printf_i
                0x0000000008015c4c      0x244 C:/ST/STM32CubeIDE_1.13.1/STM32CubeIDE/plugins/com.st.stm32cube.ide.mcu.externaltools.gnu-tools-for-stm32.11.3.rel1.win32_1.1.0.202305231506/tools/bin/../lib/gcc/arm-none-eabi/11.3.1/../../../../arm-none-eabi/lib/thumb/v7e-m+dp/hard\libc_nano.a(libc_a-nano-vfprintf_i.o)
                0x0000000008015c4c                _printf_i
 .text.__sflush_r
                0x0000000008015e90      0x10c C:/ST/STM32CubeIDE_1.13.1/STM32CubeIDE/plugins/com.st.stm32cube.ide.mcu.externaltools.gnu-tools-for-stm32.11.3.rel1.win32_1.1.0.202305231506/tools/bin/../lib/gcc/arm-none-eabi/11.3.1/../../../../arm-none-eabi/lib/thumb/v7e-m+dp/hard\libc_nano.a(libc_a-fflush.o)
                0x0000000008015e90                __sflush_r
 .text._fflush_r
                0x0000000008015f9c       0x50 C:/ST/STM32CubeIDE_1.13.1/STM32CubeIDE/plugins/com.st.stm32cube.ide.mcu.externaltools.gnu-tools-for-stm32.11.3.rel1.win32_1.1.0.202305231506/tools/bin/../lib/gcc/arm-none-eabi/11.3.1/../../../../arm-none-eabi/lib/thumb/v7e-m+dp/hard\libc_nano.a(libc_a-fflush.o)
                0x0000000008015f9c                _fflush_r
 .text._putc_r  0x0000000008015fec       0x68 C:/ST/STM32CubeIDE_1.13.1/STM32CubeIDE/plugins/com.st.stm32cube.ide.mcu.externaltools.gnu-tools-for-stm32.11.3.rel1.win32_1.1.0.202305231506/tools/bin/../lib/gcc/arm-none-eabi/11.3.1/../../../../arm-none-eabi/lib/thumb/v7e-m+dp/hard\libc_nano.a(libc_a-putc.o)
                0x0000000008015fec                _putc_r
 .text.__swbuf_r
                0x0000000008016054       0x7a C:/ST/STM32CubeIDE_1.13.1/STM32CubeIDE/plugins/com.st.stm32cube.ide.mcu.externaltools.gnu-tools-for-stm32.11.3.rel1.win32_1.1.0.202305231506/tools/bin/../lib/gcc/arm-none-eabi/11.3.1/../../../../arm-none-eabi/lib/thumb/v7e-m+dp/hard\libc_nano.a(libc_a-wbuf.o)
                0x0000000008016054                __swbuf_r
 *fill*         0x00000000080160ce        0x2 
 .text.__swsetup_r
                0x00000000080160d0       0xb0 C:/ST/STM32CubeIDE_1.13.1/STM32CubeIDE/plugins/com.st.stm32cube.ide.mcu.externaltools.gnu-tools-for-stm32.11.3.rel1.win32_1.1.0.202305231506/tools/bin/../lib/gcc/arm-none-eabi/11.3.1/../../../../arm-none-eabi/lib/thumb/v7e-m+dp/hard\libc_nano.a(libc_a-wsetup.o)
                0x00000000080160d0                __swsetup_r
 .text._raise_r
                0x0000000008016180       0x50 C:/ST/STM32CubeIDE_1.13.1/STM32CubeIDE/plugins/com.st.stm32cube.ide.mcu.externaltools.gnu-tools-for-stm32.11.3.rel1.win32_1.1.0.202305231506/tools/bin/../lib/gcc/arm-none-eabi/11.3.1/../../../../arm-none-eabi/lib/thumb/v7e-m+dp/hard\libc_nano.a(libc_a-signal.o)
                0x0000000008016180                _raise_r
 .text.raise    0x00000000080161d0       0x10 C:/ST/STM32CubeIDE_1.13.1/STM32CubeIDE/plugins/com.st.stm32cube.ide.mcu.externaltools.gnu-tools-for-stm32.11.3.rel1.win32_1.1.0.202305231506/tools/bin/../lib/gcc/arm-none-eabi/11.3.1/../../../../arm-none-eabi/lib/thumb/v7e-m+dp/hard\libc_nano.a(libc_a-signal.o)
                0x00000000080161d0                raise
 .text._kill_r  0x00000000080161e0       0x24 C:/ST/STM32CubeIDE_1.13.1/STM32CubeIDE/plugins/com.st.stm32cube.ide.mcu.externaltools.gnu-tools-for-stm32.11.3.rel1.win32_1.1.0.202305231506/tools/bin/../lib/gcc/arm-none-eabi/11.3.1/../../../../arm-none-eabi/lib/thumb/v7e-m+dp/hard\libc_nano.a(libc_a-signalr.o)
                0x00000000080161e0                _kill_r
 .text._getpid_r
                0x0000000008016204        0x4 C:/ST/STM32CubeIDE_1.13.1/STM32CubeIDE/plugins/com.st.stm32cube.ide.mcu.externaltools.gnu-tools-for-stm32.11.3.rel1.win32_1.1.0.202305231506/tools/bin/../lib/gcc/arm-none-eabi/11.3.1/../../../../arm-none-eabi/lib/thumb/v7e-m+dp/hard\libc_nano.a(libc_a-signalr.o)
                0x0000000008016204                _getpid_r
 .text.__swhatbuf_r
                0x0000000008016208       0x4c C:/ST/STM32CubeIDE_1.13.1/STM32CubeIDE/plugins/com.st.stm32cube.ide.mcu.externaltools.gnu-tools-for-stm32.11.3.rel1.win32_1.1.0.202305231506/tools/bin/../lib/gcc/arm-none-eabi/11.3.1/../../../../arm-none-eabi/lib/thumb/v7e-m+dp/hard\libc_nano.a(libc_a-makebuf.o)
                0x0000000008016208                __swhatbuf_r
 .text.__smakebuf_r
                0x0000000008016254       0x78 C:/ST/STM32CubeIDE_1.13.1/STM32CubeIDE/plugins/com.st.stm32cube.ide.mcu.externaltools.gnu-tools-for-stm32.11.3.rel1.win32_1.1.0.202305231506/tools/bin/../lib/gcc/arm-none-eabi/11.3.1/../../../../arm-none-eabi/lib/thumb/v7e-m+dp/hard\libc_nano.a(libc_a-makebuf.o)
                0x0000000008016254                __smakebuf_r
 .text._fstat_r
                0x00000000080162cc       0x24 C:/ST/STM32CubeIDE_1.13.1/STM32CubeIDE/plugins/com.st.stm32cube.ide.mcu.externaltools.gnu-tools-for-stm32.11.3.rel1.win32_1.1.0.202305231506/tools/bin/../lib/gcc/arm-none-eabi/11.3.1/../../../../arm-none-eabi/lib/thumb/v7e-m+dp/hard\libc_nano.a(libc_a-fstatr.o)
                0x00000000080162cc                _fstat_r
 .text._isatty_r
                0x00000000080162f0       0x20 C:/ST/STM32CubeIDE_1.13.1/STM32CubeIDE/plugins/com.st.stm32cube.ide.mcu.externaltools.gnu-tools-for-stm32.11.3.rel1.win32_1.1.0.202305231506/tools/bin/../lib/gcc/arm-none-eabi/11.3.1/../../../../arm-none-eabi/lib/thumb/v7e-m+dp/hard\libc_nano.a(libc_a-isattyr.o)
                0x00000000080162f0                _isatty_r
 *(.glue_7)
 .glue_7        0x0000000008016310        0x0 linker stubs
 *(.glue_7t)
 .glue_7t       0x0000000008016310        0x0 linker stubs
 *(.eh_frame)
 .eh_frame      0x0000000008016310        0x0 C:/ST/STM32CubeIDE_1.13.1/STM32CubeIDE/plugins/com.st.stm32cube.ide.mcu.externaltools.gnu-tools-for-stm32.11.3.rel1.win32_1.1.0.202305231506/tools/bin/../lib/gcc/arm-none-eabi/11.3.1/thumb/v7e-m+dp/hard/crtbegin.o
 *(.init)
 .init          0x0000000008016310        0x4 C:/ST/STM32CubeIDE_1.13.1/STM32CubeIDE/plugins/com.st.stm32cube.ide.mcu.externaltools.gnu-tools-for-stm32.11.3.rel1.win32_1.1.0.202305231506/tools/bin/../lib/gcc/arm-none-eabi/11.3.1/thumb/v7e-m+dp/hard/crti.o
                0x0000000008016310                _init
 .init          0x0000000008016314        0x8 C:/ST/STM32CubeIDE_1.13.1/STM32CubeIDE/plugins/com.st.stm32cube.ide.mcu.externaltools.gnu-tools-for-stm32.11.3.rel1.win32_1.1.0.202305231506/tools/bin/../lib/gcc/arm-none-eabi/11.3.1/thumb/v7e-m+dp/hard/crtn.o
 *(.fini)
 .fini          0x000000000801631c        0x4 C:/ST/STM32CubeIDE_1.13.1/STM32CubeIDE/plugins/com.st.stm32cube.ide.mcu.externaltools.gnu-tools-for-stm32.11.3.rel1.win32_1.1.0.202305231506/tools/bin/../lib/gcc/arm-none-eabi/11.3.1/thumb/v7e-m+dp/hard/crti.o
                0x000000000801631c                _fini
 .fini          0x0000000008016320        0x8 C:/ST/STM32CubeIDE_1.13.1/STM32CubeIDE/plugins/com.st.stm32cube.ide.mcu.externaltools.gnu-tools-for-stm32.11.3.rel1.win32_1.1.0.202305231506/tools/bin/../lib/gcc/arm-none-eabi/11.3.1/thumb/v7e-m+dp/hard/crtn.o
                0x0000000008016328                . = ALIGN (0x4)
                0x0000000008016328                _etext = .

.vfp11_veneer   0x0000000008016328        0x0
 .vfp11_veneer  0x0000000008016328        0x0 linker stubs

.v4_bx          0x0000000008016328        0x0
 .v4_bx         0x0000000008016328        0x0 linker stubs

.iplt           0x0000000008016328        0x0
 .iplt          0x0000000008016328        0x0 C:/ST/STM32CubeIDE_1.13.1/STM32CubeIDE/plugins/com.st.stm32cube.ide.mcu.externaltools.gnu-tools-for-stm32.11.3.rel1.win32_1.1.0.202305231506/tools/bin/../lib/gcc/arm-none-eabi/11.3.1/thumb/v7e-m+dp/hard/crtbegin.o

.rodata         0x0000000008016328     0x3020
                0x0000000008016328                . = ALIGN (0x4)
 *(.rodata)
 .rodata        0x0000000008016328      0x126 ./Core/Src/main.o
 *fill*         0x000000000801644e        0x2 
 .rodata        0x0000000008016450     0x184d ./Core/Src/mongoose.o
 *fill*         0x0000000008017c9d        0x3 
 .rodata        0x0000000008017ca0      0x6c4 ./Core/Src/net.o
 .rodata        0x0000000008018364       0x15 ./Core/Src/packed_fs.o
 *(.rodata*)
 *fill*         0x0000000008018379        0x3 
 .rodata.__func__.2
                0x000000000801837c        0x9 ./Core/Src/main.o
 *fill*         0x0000000008018385        0x3 
 .rodata.__func__.1
                0x0000000008018388        0x5 ./Core/Src/main.o
 *fill*         0x000000000801838d        0x3 
 .rodata.broadcast
                0x0000000008018390        0x6 ./Core/Src/mongoose.o
 *fill*         0x0000000008018396        0x2 
 .rodata.__func__.45
                0x0000000008018398        0x7 ./Core/Src/mongoose.o
 *fill*         0x000000000801839f        0x1 
 .rodata.__func__.44
                0x00000000080183a0        0xd ./Core/Src/mongoose.o
 *fill*         0x00000000080183ad        0x3 
 .rodata.__func__.43